Archive member included to satisfy reference by file (symbol)

/home/przemek/Ac6/SystemWorkbench/plugins/fr.ac6.mcu.externaltools.arm-none.linux64_1.17.0.201812190825/tools/compiler/bin/../lib/gcc/arm-none-eabi/7.3.1/thumb/v7e-m/fpv4-sp/hard/libgcc.a(_arm_addsubdf3.o)
                              Application/User/stm32f3xx_it.o (__aeabi_i2d)
/home/przemek/Ac6/SystemWorkbench/plugins/fr.ac6.mcu.externaltools.arm-none.linux64_1.17.0.201812190825/tools/compiler/bin/../lib/gcc/arm-none-eabi/7.3.1/thumb/v7e-m/fpv4-sp/hard/libgcc.a(_arm_muldivdf3.o)
                              Application/User/stm32f3xx_it.o (__aeabi_dmul)
/home/przemek/Ac6/SystemWorkbench/plugins/fr.ac6.mcu.externaltools.arm-none.linux64_1.17.0.201812190825/tools/compiler/bin/../lib/gcc/arm-none-eabi/7.3.1/thumb/v7e-m/fpv4-sp/hard/libgcc.a(_arm_truncdfsf2.o)
                              Application/User/stm32f3xx_it.o (__aeabi_d2f)
/home/przemek/Ac6/SystemWorkbench/plugins/fr.ac6.mcu.externaltools.arm-none.linux64_1.17.0.201812190825/tools/compiler/bin/../lib/gcc/arm-none-eabi/7.3.1/../../../../arm-none-eabi/lib/thumb/v7e-m/fpv4-sp/hard/libc_nano.a(lib_a-errno.o)
                              Application/SW4STM32/syscalls.o (__errno)
/home/przemek/Ac6/SystemWorkbench/plugins/fr.ac6.mcu.externaltools.arm-none.linux64_1.17.0.201812190825/tools/compiler/bin/../lib/gcc/arm-none-eabi/7.3.1/../../../../arm-none-eabi/lib/thumb/v7e-m/fpv4-sp/hard/libc_nano.a(lib_a-exit.o)
                              /home/przemek/Ac6/SystemWorkbench/plugins/fr.ac6.mcu.externaltools.arm-none.linux64_1.17.0.201812190825/tools/compiler/bin/../lib/gcc/arm-none-eabi/7.3.1/../../../../arm-none-eabi/lib/thumb/v7e-m/fpv4-sp/hard/crt0.o (exit)
/home/przemek/Ac6/SystemWorkbench/plugins/fr.ac6.mcu.externaltools.arm-none.linux64_1.17.0.201812190825/tools/compiler/bin/../lib/gcc/arm-none-eabi/7.3.1/../../../../arm-none-eabi/lib/thumb/v7e-m/fpv4-sp/hard/libc_nano.a(lib_a-impure.o)
                              /home/przemek/Ac6/SystemWorkbench/plugins/fr.ac6.mcu.externaltools.arm-none.linux64_1.17.0.201812190825/tools/compiler/bin/../lib/gcc/arm-none-eabi/7.3.1/../../../../arm-none-eabi/lib/thumb/v7e-m/fpv4-sp/hard/libc_nano.a(lib_a-exit.o) (_global_impure_ptr)
/home/przemek/Ac6/SystemWorkbench/plugins/fr.ac6.mcu.externaltools.arm-none.linux64_1.17.0.201812190825/tools/compiler/bin/../lib/gcc/arm-none-eabi/7.3.1/../../../../arm-none-eabi/lib/thumb/v7e-m/fpv4-sp/hard/libc_nano.a(lib_a-init.o)
                              /home/przemek/Ac6/SystemWorkbench/plugins/fr.ac6.mcu.externaltools.arm-none.linux64_1.17.0.201812190825/tools/compiler/bin/../lib/gcc/arm-none-eabi/7.3.1/../../../../arm-none-eabi/lib/thumb/v7e-m/fpv4-sp/hard/crt0.o (__libc_init_array)
/home/przemek/Ac6/SystemWorkbench/plugins/fr.ac6.mcu.externaltools.arm-none.linux64_1.17.0.201812190825/tools/compiler/bin/../lib/gcc/arm-none-eabi/7.3.1/../../../../arm-none-eabi/lib/thumb/v7e-m/fpv4-sp/hard/libc_nano.a(lib_a-memcmp.o)
                              Application/User/stm32f3xx_it.o (memcmp)
/home/przemek/Ac6/SystemWorkbench/plugins/fr.ac6.mcu.externaltools.arm-none.linux64_1.17.0.201812190825/tools/compiler/bin/../lib/gcc/arm-none-eabi/7.3.1/../../../../arm-none-eabi/lib/thumb/v7e-m/fpv4-sp/hard/libc_nano.a(lib_a-memset.o)
                              /home/przemek/Ac6/SystemWorkbench/plugins/fr.ac6.mcu.externaltools.arm-none.linux64_1.17.0.201812190825/tools/compiler/bin/../lib/gcc/arm-none-eabi/7.3.1/../../../../arm-none-eabi/lib/thumb/v7e-m/fpv4-sp/hard/crt0.o (memset)
/home/przemek/Ac6/SystemWorkbench/plugins/fr.ac6.mcu.externaltools.arm-none.linux64_1.17.0.201812190825/tools/compiler/bin/../lib/gcc/arm-none-eabi/7.3.1/../../../../arm-none-eabi/lib/thumb/v7e-m/fpv4-sp/hard/libc_nano.a(lib_a-nano-vfprintf_float.o)
                              (_printf_float)
/home/przemek/Ac6/SystemWorkbench/plugins/fr.ac6.mcu.externaltools.arm-none.linux64_1.17.0.201812190825/tools/compiler/bin/../lib/gcc/arm-none-eabi/7.3.1/../../../../arm-none-eabi/lib/thumb/v7e-m/fpv4-sp/hard/libc_nano.a(lib_a-nano-vfprintf_i.o)
                              /home/przemek/Ac6/SystemWorkbench/plugins/fr.ac6.mcu.externaltools.arm-none.linux64_1.17.0.201812190825/tools/compiler/bin/../lib/gcc/arm-none-eabi/7.3.1/../../../../arm-none-eabi/lib/thumb/v7e-m/fpv4-sp/hard/libc_nano.a(lib_a-nano-vfprintf_float.o) (_printf_common)
/home/przemek/Ac6/SystemWorkbench/plugins/fr.ac6.mcu.externaltools.arm-none.linux64_1.17.0.201812190825/tools/compiler/bin/../lib/gcc/arm-none-eabi/7.3.1/../../../../arm-none-eabi/lib/thumb/v7e-m/fpv4-sp/hard/libc_nano.a(lib_a-sprintf.o)
                              Application/User/stm32f3xx_it.o (sprintf)
/home/przemek/Ac6/SystemWorkbench/plugins/fr.ac6.mcu.externaltools.arm-none.linux64_1.17.0.201812190825/tools/compiler/bin/../lib/gcc/arm-none-eabi/7.3.1/../../../../arm-none-eabi/lib/thumb/v7e-m/fpv4-sp/hard/libc_nano.a(lib_a-sscanf.o)
                              Application/User/stm32f3xx_it.o (sscanf)
[...]
Memory Configuration

Name             Origin             Length             Attributes
RAM              0x0000000020000000 0x0000000000003000 xrw
CCMRAM           0x0000000010000000 0x0000000000001000 rw
FLASH            0x0000000008000000 0x0000000000010000 xr
*default*        0x0000000000000000 0xffffffffffffffff

Linker script and memory map

LOAD /home/przemek/Ac6/SystemWorkbench/plugins/fr.ac6.mcu.externaltools.arm-none.linux64_1.17.0.201812190825/tools/compiler/bin/../lib/gcc/arm-none-eabi/7.3.1/thumb/v7e-m/fpv4-sp/hard/crti.o
LOAD /home/przemek/Ac6/SystemWorkbench/plugins/fr.ac6.mcu.externaltools.arm-none.linux64_1.17.0.201812190825/tools/compiler/bin/../lib/gcc/arm-none-eabi/7.3.1/thumb/v7e-m/fpv4-sp/hard/crtbegin.o
LOAD /home/przemek/Ac6/SystemWorkbench/plugins/fr.ac6.mcu.externaltools.arm-none.linux64_1.17.0.201812190825/tools/compiler/bin/../lib/gcc/arm-none-eabi/7.3.1/../../../../arm-none-eabi/lib/thumb/v7e-m/fpv4-sp/hard/crt0.o
LOAD Application/SW4STM32/startup_stm32f334x8.o
LOAD Application/SW4STM32/syscalls.o
LOAD Application/User/main.o
LOAD Application/User/stm32f3xx_hal_msp.o
LOAD Application/User/stm32f3xx_it.o
LOAD Drivers/CMSIS/system_stm32f3xx.o
LOAD Drivers/STM32F3xx_HAL_Driver/stm32f3xx_hal.o
LOAD Drivers/STM32F3xx_HAL_Driver/stm32f3xx_hal_adc.o
LOAD Drivers/STM32F3xx_HAL_Driver/stm32f3xx_hal_adc_ex.o
LOAD Drivers/STM32F3xx_HAL_Driver/stm32f3xx_hal_cortex.o
LOAD Drivers/STM32F3xx_HAL_Driver/stm32f3xx_hal_dma.o
LOAD Drivers/STM32F3xx_HAL_Driver/stm32f3xx_hal_flash.o
LOAD Drivers/STM32F3xx_HAL_Driver/stm32f3xx_hal_flash_ex.o
LOAD Drivers/STM32F3xx_HAL_Driver/stm32f3xx_hal_gpio.o
LOAD Drivers/STM32F3xx_HAL_Driver/stm32f3xx_hal_i2c.o
LOAD Drivers/STM32F3xx_HAL_Driver/stm32f3xx_hal_i2c_ex.o
LOAD Drivers/STM32F3xx_HAL_Driver/stm32f3xx_hal_opamp.o
LOAD Drivers/STM32F3xx_HAL_Driver/stm32f3xx_hal_opamp_ex.o
LOAD Drivers/STM32F3xx_HAL_Driver/stm32f3xx_hal_pwr.o
LOAD Drivers/STM32F3xx_HAL_Driver/stm32f3xx_hal_pwr_ex.o
LOAD Drivers/STM32F3xx_HAL_Driver/stm32f3xx_hal_rcc.o
LOAD Drivers/STM32F3xx_HAL_Driver/stm32f3xx_hal_rcc_ex.o
LOAD Drivers/STM32F3xx_HAL_Driver/stm32f3xx_hal_tim.o
LOAD Drivers/STM32F3xx_HAL_Driver/stm32f3xx_hal_tim_ex.o
LOAD Drivers/STM32F3xx_HAL_Driver/stm32f3xx_hal_uart.o
LOAD Drivers/STM32F3xx_HAL_Driver/stm32f3xx_hal_uart_ex.o
LOAD /home/przemek/Ac6/SystemWorkbench/plugins/fr.ac6.mcu.externaltools.arm-none.linux64_1.17.0.201812190825/tools/compiler/bin/../lib/gcc/arm-none-eabi/7.3.1/../../../../arm-none-eabi/lib/thumb/v7e-m/fpv4-sp/hard/libm.a
START GROUP
LOAD /home/przemek/Ac6/SystemWorkbench/plugins/fr.ac6.mcu.externaltools.arm-none.linux64_1.17.0.201812190825/tools/compiler/bin/../lib/gcc/arm-none-eabi/7.3.1/thumb/v7e-m/fpv4-sp/hard/libgcc.a
LOAD /home/przemek/Ac6/SystemWorkbench/plugins/fr.ac6.mcu.externaltools.arm-none.linux64_1.17.0.201812190825/tools/compiler/bin/../lib/gcc/arm-none-eabi/7.3.1/../../../../arm-none-eabi/lib/thumb/v7e-m/fpv4-sp/hard/libc_nano.a
END GROUP
START GROUP
LOAD /home/przemek/Ac6/SystemWorkbench/plugins/fr.ac6.mcu.externaltools.arm-none.linux64_1.17.0.201812190825/tools/compiler/bin/../lib/gcc/arm-none-eabi/7.3.1/thumb/v7e-m/fpv4-sp/hard/libgcc.a
LOAD /home/przemek/Ac6/SystemWorkbench/plugins/fr.ac6.mcu.externaltools.arm-none.linux64_1.17.0.201812190825/tools/compiler/bin/../lib/gcc/arm-none-eabi/7.3.1/../../../../arm-none-eabi/lib/thumb/v7e-m/fpv4-sp/hard/libc_nano.a
LOAD /home/przemek/Ac6/SystemWorkbench/plugins/fr.ac6.mcu.externaltools.arm-none.linux64_1.17.0.201812190825/tools/compiler/bin/../lib/gcc/arm-none-eabi/7.3.1/../../../../arm-none-eabi/lib/thumb/v7e-m/fpv4-sp/hard/libnosys.a
END GROUP
START GROUP
LOAD /home/przemek/Ac6/SystemWorkbench/plugins/fr.ac6.mcu.externaltools.arm-none.linux64_1.17.0.201812190825/tools/compiler/bin/../lib/gcc/arm-none-eabi/7.3.1/thumb/v7e-m/fpv4-sp/hard/libgcc.a
LOAD /home/przemek/Ac6/SystemWorkbench/plugins/fr.ac6.mcu.externaltools.arm-none.linux64_1.17.0.201812190825/tools/compiler/bin/../lib/gcc/arm-none-eabi/7.3.1/../../../../arm-none-eabi/lib/thumb/v7e-m/fpv4-sp/hard/libc_nano.a
LOAD /home/przemek/Ac6/SystemWorkbench/plugins/fr.ac6.mcu.externaltools.arm-none.linux64_1.17.0.201812190825/tools/compiler/bin/../lib/gcc/arm-none-eabi/7.3.1/../../../../arm-none-eabi/lib/thumb/v7e-m/fpv4-sp/hard/libnosys.a
END GROUP
LOAD /home/przemek/Ac6/SystemWorkbench/plugins/fr.ac6.mcu.externaltools.arm-none.linux64_1.17.0.201812190825/tools/compiler/bin/../lib/gcc/arm-none-eabi/7.3.1/thumb/v7e-m/fpv4-sp/hard/crtend.o
LOAD /home/przemek/Ac6/SystemWorkbench/plugins/fr.ac6.mcu.externaltools.arm-none.linux64_1.17.0.201812190825/tools/compiler/bin/../lib/gcc/arm-none-eabi/7.3.1/thumb/v7e-m/fpv4-sp/hard/crtn.o
                0x0000000020003000                _estack = 0x20003000
                0x0000000000000200                _Min_Heap_Size = 0x200
                0x0000000000000400                _Min_Stack_Size = 0x400

.isr_vector     0x0000000008000000      0x188
                0x0000000008000000                . = ALIGN (0x4)
 *(.isr_vector)
 .isr_vector    0x0000000008000000      0x188 Application/SW4STM32/startup_stm32f334x8.o
                0x0000000008000000                g_pfnVectors
                0x0000000008000188                . = ALIGN (0x4)

.text           0x0000000008000190     0x854c
                0x0000000008000190                . = ALIGN (0x4)
 *(.text)
 .text          0x0000000008000190       0x40 /home/przemek/Ac6/SystemWorkbench/plugins/fr.ac6.mcu.externaltools.arm-none.linux64_1.17.0.201812190825/tools/compiler/bin/../lib/gcc/arm-none-eabi/7.3.1/thumb/v7e-m/fpv4-sp/hard/crtbegin.o
 .text          0x00000000080001d0      0x378 /home/przemek/Ac6/SystemWorkbench/plugins/fr.ac6.mcu.externaltools.arm-none.linux64_1.17.0.201812190825/tools/compiler/bin/../lib/gcc/arm-none-eabi/7.3.1/thumb/v7e-m/fpv4-sp/hard/libgcc.a(_arm_addsubdf3.o)
                0x00000000080001d0                __aeabi_drsub
                0x00000000080001d8                __aeabi_dsub
                0x00000000080001d8                __subdf3
                0x00000000080001dc                __adddf3
                0x00000000080001dc                __aeabi_dadd
                0x0000000008000454                __aeabi_ui2d
                0x0000000008000454                __floatunsidf
                0x0000000008000474                __floatsidf
                0x0000000008000474                __aeabi_i2d
                0x0000000008000498                __extendsfdf2
                0x0000000008000498                __aeabi_f2d
                0x00000000080004dc                __aeabi_ul2d
                0x00000000080004dc                __floatundidf
                0x00000000080004ec                __floatdidf
                0x00000000080004ec                __aeabi_l2d
 .text          0x0000000008000548      0x424 /home/przemek/Ac6/SystemWorkbench/plugins/fr.ac6.mcu.externaltools.arm-none.linux64_1.17.0.201812190825/tools/compiler/bin/../lib/gcc/arm-none-eabi/7.3.1/thumb/v7e-m/fpv4-sp/hard/libgcc.a(_arm_muldivdf3.o)
                0x0000000008000548                __aeabi_dmul
                0x0000000008000548                __muldf3
                0x000000000800079c                __aeabi_ddiv
                0x000000000800079c                __divdf3
 .text          0x000000000800096c       0xa0 /home/przemek/Ac6/SystemWorkbench/plugins/fr.ac6.mcu.externaltools.arm-none.linux64_1.17.0.201812190825/tools/compiler/bin/../lib/gcc/arm-none-eabi/7.3.1/thumb/v7e-m/fpv4-sp/hard/libgcc.a(_arm_truncdfsf2.o)
                0x000000000800096c                __aeabi_d2f
                0x000000000800096c                __truncdfsf2
 .text          0x0000000008000a0c       0x10 /home/przemek/Ac6/SystemWorkbench/plugins/fr.ac6.mcu.externaltools.arm-none.linux64_1.17.0.201812190825/tools/compiler/bin/../lib/gcc/arm-none-eabi/7.3.1/../../../../arm-none-eabi/lib/thumb/v7e-m/fpv4-sp/hard/libc_nano.a(lib_a-strlen.o)
                0x0000000008000a0c                strlen
 *fill*         0x0000000008000a1c        0x4 
 .text          0x0000000008000a20       0xa0 /home/przemek/Ac6/SystemWorkbench/plugins/fr.ac6.mcu.externaltools.arm-none.linux64_1.17.0.201812190825/tools/compiler/bin/../lib/gcc/arm-none-eabi/7.3.1/../../../../arm-none-eabi/lib/thumb/v7e-m/fpv4-sp/hard/libc_nano.a(lib_a-memchr.o)
                0x0000000008000a20                memchr
 .text          0x0000000008000ac0      0x110 /home/przemek/Ac6/SystemWorkbench/plugins/fr.ac6.mcu.externaltools.arm-none.linux64_1.17.0.201812190825/tools/compiler/bin/../lib/gcc/arm-none-eabi/7.3.1/thumb/v7e-m/fpv4-sp/hard/libgcc.a(_arm_cmpdf2.o)
                0x0000000008000ac0                __gtdf2
                0x0000000008000ac0                __gedf2
                0x0000000008000ac8                __ltdf2
                0x0000000008000ac8                __ledf2
                0x0000000008000ad0                __cmpdf2
                0x0000000008000ad0                __eqdf2
                0x0000000008000ad0                __nedf2
                0x0000000008000b4c                __aeabi_cdrcmple
                0x0000000008000b5c                __aeabi_cdcmple
                0x0000000008000b5c                __aeabi_cdcmpeq
                0x0000000008000b6c                __aeabi_dcmpeq
                0x0000000008000b80                __aeabi_dcmplt
                0x0000000008000b94                __aeabi_dcmple
                0x0000000008000ba8                __aeabi_dcmpge
                0x0000000008000bbc                __aeabi_dcmpgt
 .text          0x0000000008000bd0       0x2c /home/przemek/Ac6/SystemWorkbench/plugins/fr.ac6.mcu.externaltools.arm-none.linux64_1.17.0.201812190825/tools/compiler/bin/../lib/gcc/arm-none-eabi/7.3.1/thumb/v7e-m/fpv4-sp/hard/libgcc.a(_arm_unorddf2.o)
                0x0000000008000bd0                __aeabi_dcmpun
                0x0000000008000bd0                __unorddf2
 .text          0x0000000008000bfc       0x50 /home/przemek/Ac6/SystemWorkbench/plugins/fr.ac6.mcu.externaltools.arm-none.linux64_1.17.0.201812190825/tools/compiler/bin/../lib/gcc/arm-none-eabi/7.3.1/thumb/v7e-m/fpv4-sp/hard/libgcc.a(_arm_fixdfsi.o)
                0x0000000008000bfc                __fixdfsi
                0x0000000008000bfc                __aeabi_d2iz
 *(.text*)
 .text.Reset_Handler
                0x0000000008000c4c       0x50 Application/SW4STM32/startup_stm32f334x8.o
                0x0000000008000c4c                Reset_Handler
 .text.Default_Handler
                0x0000000008000c9c        0x2 Application/SW4STM32/startup_stm32f334x8.o
                0x0000000008000c9c                RTC_Alarm_IRQHandler
                0x0000000008000c9c                HRTIM1_Master_IRQHandler
                0x0000000008000c9c                TIM1_CC_IRQHandler
                0x0000000008000c9c                HRTIM1_FLT_IRQHandler
                0x0000000008000c9c                PVD_IRQHandler
                0x0000000008000c9c                HRTIM1_TIMD_IRQHandler
                0x0000000008000c9c                TAMP_STAMP_IRQHandler
                0x0000000008000c9c                EXTI3_IRQHandler
                0x0000000008000c9c                EXTI0_IRQHandler
                0x0000000008000c9c                FPU_IRQHandler
                0x0000000008000c9c                CAN_TX_IRQHandler
                0x0000000008000c9c                HRTIM1_TIME_IRQHandler
                0x0000000008000c9c                SPI1_IRQHandler
                0x0000000008000c9c                CAN_SCE_IRQHandler
                0x0000000008000c9c                HRTIM1_TIMC_IRQHandler
                0x0000000008000c9c                DMA1_Channel4_IRQHandler
                0x0000000008000c9c                USART3_IRQHandler
                0x0000000008000c9c                DMA1_Channel7_IRQHandler
                0x0000000008000c9c                TIM7_DAC2_IRQHandler
                0x0000000008000c9c                CAN_RX1_IRQHandler
                0x0000000008000c9c                DMA1_Channel6_IRQHandler
                0x0000000008000c9c                TIM3_IRQHandler
                0x0000000008000c9c                RCC_IRQHandler
                0x0000000008000c9c                Default_Handler
                0x0000000008000c9c                COMP2_IRQHandler
                0x0000000008000c9c                HRTIM1_TIMA_IRQHandler
                0x0000000008000c9c                TIM6_DAC1_IRQHandler
                0x0000000008000c9c                EXTI9_5_IRQHandler
                0x0000000008000c9c                RTC_WKUP_IRQHandler
                0x0000000008000c9c                DMA1_Channel5_IRQHandler
                0x0000000008000c9c                EXTI4_IRQHandler
                0x0000000008000c9c                HRTIM1_TIMB_IRQHandler
                0x0000000008000c9c                TIM1_TRG_COM_TIM17_IRQHandler
                0x0000000008000c9c                DMA1_Channel3_IRQHandler
                0x0000000008000c9c                WWDG_IRQHandler
                0x0000000008000c9c                TIM2_IRQHandler
                0x0000000008000c9c                EXTI1_IRQHandler
                0x0000000008000c9c                COMP4_6_IRQHandler
                0x0000000008000c9c                DMA1_Channel2_IRQHandler
                0x0000000008000c9c                FLASH_IRQHandler
                0x0000000008000c9c                USART1_IRQHandler
                0x0000000008000c9c                CAN_RX0_IRQHandler
                0x0000000008000c9c                EXTI2_TSC_IRQHandler
                0x0000000008000c9c                TIM1_BRK_TIM15_IRQHandler
 *fill*         0x0000000008000c9e        0x2 
 .text._sbrk    0x0000000008000ca0       0x3c Application/SW4STM32/syscalls.o
                0x0000000008000ca0                _sbrk
 .text.MX_GPIO_Init
                0x0000000008000cdc       0xb0 Application/User/main.o
 .text.MX_DMA_Init
                0x0000000008000d8c       0x34 Application/User/main.o
 .text.MX_I2C1_Init
                0x0000000008000dc0       0x44 Application/User/main.o
 .text.MX_USART2_UART_Init
                0x0000000008000e04       0x30 Application/User/main.o
 .text.MX_ADC1_Init
                0x0000000008000e34       0x6c Application/User/main.o
 .text.MX_ADC2_Init
                0x0000000008000ea0       0x60 Application/User/main.o
 .text.MX_OPAMP2_Init
                0x0000000008000f00       0x24 Application/User/main.o
 .text.MX_TIM1_Init
                0x0000000008000f24       0x60 Application/User/main.o
 .text.SystemClock_Config
                0x0000000008000f84       0x74 Application/User/main.o
                0x0000000008000f84                SystemClock_Config
 .text.setCalibration_16V_400mA
                0x0000000008000ff8       0x68 Application/User/main.o
                0x0000000008000ff8                setCalibration_16V_400mA
 .text.main     0x0000000008001060       0x70 Application/User/main.o
                0x0000000008001060                main
 .text.getCurrent_mA
                0x00000000080010d0       0x18 Application/User/main.o
                0x00000000080010d0                getCurrent_mA
 .text.getPower_mW
                0x00000000080010e8       0x18 Application/User/main.o
                0x00000000080010e8                getPower_mW
 .text.getBusVoltage_V
                0x0000000008001100       0x1c Application/User/main.o
                0x0000000008001100                getBusVoltage_V
 .text.getShuntVoltage_mV
                0x000000000800111c       0x18 Application/User/main.o
                0x000000000800111c                getShuntVoltage_mV
 .text.Error_Handler
                0x0000000008001134        0x2 Application/User/main.o
                0x0000000008001134                Error_Handler
 *fill*         0x0000000008001136        0x2 
 .text.HAL_MspInit
                0x0000000008001138       0x3c Application/User/stm32f3xx_hal_msp.o
                0x0000000008001138                HAL_MspInit
 .text.HAL_ADC_MspInit
                0x0000000008001174      0x120 Application/User/stm32f3xx_hal_msp.o
                0x0000000008001174                HAL_ADC_MspInit
 .text.HAL_I2C_MspInit
                0x0000000008001294       0xc0 Application/User/stm32f3xx_hal_msp.o
                0x0000000008001294                HAL_I2C_MspInit
 .text.HAL_OPAMP_MspInit
                0x0000000008001354       0x78 Application/User/stm32f3xx_hal_msp.o
                0x0000000008001354                HAL_OPAMP_MspInit
 .text.HAL_TIM_Base_MspInit
                0x00000000080013cc       0x40 Application/User/stm32f3xx_hal_msp.o
                0x00000000080013cc                HAL_TIM_Base_MspInit
 .text.HAL_UART_MspInit
                0x000000000800140c       0x78 Application/User/stm32f3xx_hal_msp.o
                0x000000000800140c                HAL_UART_MspInit
 .text.NMI_Handler
                0x0000000008001484        0x2 Application/User/stm32f3xx_it.o
                0x0000000008001484                NMI_Handler
 .text.HardFault_Handler
                0x0000000008001486        0x2 Application/User/stm32f3xx_it.o
                0x0000000008001486                HardFault_Handler
 .text.MemManage_Handler
                0x0000000008001488        0x2 Application/User/stm32f3xx_it.o
                0x0000000008001488                MemManage_Handler
 .text.BusFault_Handler
                0x000000000800148a        0x2 Application/User/stm32f3xx_it.o
                0x000000000800148a                BusFault_Handler
 .text.UsageFault_Handler
                0x000000000800148c        0x2 Application/User/stm32f3xx_it.o
                0x000000000800148c                UsageFault_Handler
 .text.SVC_Handler
                0x000000000800148e        0x2 Application/User/stm32f3xx_it.o
                0x000000000800148e                SVC_Handler
 .text.DebugMon_Handler
                0x0000000008001490        0x2 Application/User/stm32f3xx_it.o
                0x0000000008001490                DebugMon_Handler
 .text.PendSV_Handler
                0x0000000008001492        0x2 Application/User/stm32f3xx_it.o
                0x0000000008001492                PendSV_Handler
 .text.SysTick_Handler
                0x0000000008001494        0x8 Application/User/stm32f3xx_it.o
                0x0000000008001494                SysTick_Handler
 .text.DMA1_Channel1_IRQHandler
                0x000000000800149c       0x10 Application/User/stm32f3xx_it.o
                0x000000000800149c                DMA1_Channel1_IRQHandler
 .text.ADC1_2_IRQHandler
                0x00000000080014ac       0x18 Application/User/stm32f3xx_it.o
                0x00000000080014ac                ADC1_2_IRQHandler
 .text.TIM1_UP_TIM16_IRQHandler
                0x00000000080014c4       0x10 Application/User/stm32f3xx_it.o
                0x00000000080014c4                TIM1_UP_TIM16_IRQHandler
 .text.I2C1_EV_IRQHandler
                0x00000000080014d4       0x10 Application/User/stm32f3xx_it.o
                0x00000000080014d4                I2C1_EV_IRQHandler
 .text.I2C1_ER_IRQHandler
                0x00000000080014e4       0x10 Application/User/stm32f3xx_it.o
                0x00000000080014e4                I2C1_ER_IRQHandler
 .text.USART2_IRQHandler
                0x00000000080014f4       0x10 Application/User/stm32f3xx_it.o
                0x00000000080014f4                USART2_IRQHandler
 .text.EXTI15_10_IRQHandler
                0x0000000008001504        0xc Application/User/stm32f3xx_it.o
                0x0000000008001504                EXTI15_10_IRQHandler
 .text.HAL_ADC_ConvCpltCallback
                0x0000000008001510      0x184 Application/User/stm32f3xx_it.o
                0x0000000008001510                HAL_ADC_ConvCpltCallback
 .text.HAL_UART_TxCpltCallback
                0x0000000008001694        0xc Application/User/stm32f3xx_it.o
                0x0000000008001694                HAL_UART_TxCpltCallback
 .text.HAL_I2C_MasterTxCpltCallback
                0x00000000080016a0        0x2 Application/User/stm32f3xx_it.o
                0x00000000080016a0                HAL_I2C_MasterTxCpltCallback
 *fill*         0x00000000080016a2        0x2 
 .text.HAL_I2C_MasterRxCpltCallback
                0x00000000080016a4       0xd0 Application/User/stm32f3xx_it.o
                0x00000000080016a4                HAL_I2C_MasterRxCpltCallback
 .text.cmdI2C   0x0000000008001774       0x5c Application/User/stm32f3xx_it.o
                0x0000000008001774                cmdI2C
 .text.HAL_TIM_PeriodElapsedCallback
                0x00000000080017d0       0x50 Application/User/stm32f3xx_it.o
                0x00000000080017d0                HAL_TIM_PeriodElapsedCallback
 .text.setupTimerDMA
                0x0000000008001820       0x40 Application/User/stm32f3xx_it.o
                0x0000000008001820                setupTimerDMA
 .text.setupTimerIRQ
                0x0000000008001860       0x34 Application/User/stm32f3xx_it.o
                0x0000000008001860                setupTimerIRQ
 .text.HAL_GPIO_EXTI_Callback
                0x0000000008001894       0x68 Application/User/stm32f3xx_it.o
                0x0000000008001894                HAL_GPIO_EXTI_Callback
 .text.convertToCommand
                0x00000000080018fc      0x16c Application/User/stm32f3xx_it.o
                0x00000000080018fc                convertToCommand
 .text.cmdParser
                0x0000000008001a68       0x84 Application/User/stm32f3xx_it.o
                0x0000000008001a68                cmdParser
 .text.HAL_UART_RxCpltCallback
                0x0000000008001aec       0x70 Application/User/stm32f3xx_it.o
                0x0000000008001aec                HAL_UART_RxCpltCallback
 .text.HAL_I2C_ErrorCallback
                0x0000000008001b5c       0x3c Application/User/stm32f3xx_it.o
                0x0000000008001b5c                HAL_I2C_ErrorCallback
 .text.HAL_UART_ErrorCallback
                0x0000000008001b98       0x60 Application/User/stm32f3xx_it.o
                0x0000000008001b98                HAL_UART_ErrorCallback
 .text.SystemInit
                0x0000000008001bf8       0x68 Drivers/CMSIS/system_stm32f3xx.o
                0x0000000008001bf8                SystemInit
 .text.HAL_InitTick
                0x0000000008001c60       0x48 Drivers/STM32F3xx_HAL_Driver/stm32f3xx_hal.o
                0x0000000008001c60                HAL_InitTick
 .text.HAL_Init
                0x0000000008001ca8       0x24 Drivers/STM32F3xx_HAL_Driver/stm32f3xx_hal.o
                0x0000000008001ca8                HAL_Init
 .text.HAL_IncTick
                0x0000000008001ccc       0x18 Drivers/STM32F3xx_HAL_Driver/stm32f3xx_hal.o
                0x0000000008001ccc                HAL_IncTick
 .text.HAL_GetTick
                0x0000000008001ce4        0xc Drivers/STM32F3xx_HAL_Driver/stm32f3xx_hal.o
                0x0000000008001ce4                HAL_GetTick
 .text.HAL_Delay
                0x0000000008001cf0       0x28 Drivers/STM32F3xx_HAL_Driver/stm32f3xx_hal.o
                0x0000000008001cf0                HAL_Delay
 .text.HAL_ADC_ConvHalfCpltCallback
                0x0000000008001d18        0x2 Drivers/STM32F3xx_HAL_Driver/stm32f3xx_hal_adc.o
                0x0000000008001d18                HAL_ADC_ConvHalfCpltCallback
 .text.HAL_ADC_LevelOutOfWindowCallback
                0x0000000008001d1a        0x2 Drivers/STM32F3xx_HAL_Driver/stm32f3xx_hal_adc.o
                0x0000000008001d1a                HAL_ADC_LevelOutOfWindowCallback
 .text.HAL_ADC_ErrorCallback
                0x0000000008001d1c        0x2 Drivers/STM32F3xx_HAL_Driver/stm32f3xx_hal_adc.o
                0x0000000008001d1c                HAL_ADC_ErrorCallback
 .text.ADC_Disable
                0x0000000008001d1e       0x7e Drivers/STM32F3xx_HAL_Driver/stm32f3xx_hal_adc_ex.o
 .text.ADC_ConversionStop
                0x0000000008001d9c       0xd8 Drivers/STM32F3xx_HAL_Driver/stm32f3xx_hal_adc_ex.o
 .text.ADC_Enable
                0x0000000008001e74       0x78 Drivers/STM32F3xx_HAL_Driver/stm32f3xx_hal_adc_ex.o
 .text.ADC_DMAError
                0x0000000008001eec       0x1a Drivers/STM32F3xx_HAL_Driver/stm32f3xx_hal_adc_ex.o
 .text.ADC_DMAHalfConvCplt
                0x0000000008001f06        0xa Drivers/STM32F3xx_HAL_Driver/stm32f3xx_hal_adc_ex.o
 .text.ADC_DMAConvCplt
                0x0000000008001f10       0x4a Drivers/STM32F3xx_HAL_Driver/stm32f3xx_hal_adc_ex.o
 *fill*         0x0000000008001f5a        0x2 
 .text.HAL_ADC_Init
                0x0000000008001f5c      0x210 Drivers/STM32F3xx_HAL_Driver/stm32f3xx_hal_adc_ex.o
                0x0000000008001f5c                HAL_ADC_Init
 .text.HAL_ADC_Start
                0x000000000800216c      0x104 Drivers/STM32F3xx_HAL_Driver/stm32f3xx_hal_adc_ex.o
                0x000000000800216c                HAL_ADC_Start
 .text.HAL_ADC_Start_IT
                0x0000000008002270      0x140 Drivers/STM32F3xx_HAL_Driver/stm32f3xx_hal_adc_ex.o
                0x0000000008002270                HAL_ADC_Start_IT
 .text.HAL_ADC_Stop_IT
                0x00000000080023b0       0x54 Drivers/STM32F3xx_HAL_Driver/stm32f3xx_hal_adc_ex.o
                0x00000000080023b0                HAL_ADC_Stop_IT
 .text.HAL_ADC_Start_DMA
                0x0000000008002404      0x134 Drivers/STM32F3xx_HAL_Driver/stm32f3xx_hal_adc_ex.o
                0x0000000008002404                HAL_ADC_Start_DMA
 .text.HAL_ADC_Stop_DMA
                0x0000000008002538       0x78 Drivers/STM32F3xx_HAL_Driver/stm32f3xx_hal_adc_ex.o
                0x0000000008002538                HAL_ADC_Stop_DMA
 .text.HAL_ADC_GetValue
                0x00000000080025b0        0x6 Drivers/STM32F3xx_HAL_Driver/stm32f3xx_hal_adc_ex.o
                0x00000000080025b0                HAL_ADC_GetValue
 .text.HAL_ADCEx_InjectedConvCpltCallback
                0x00000000080025b6        0x2 Drivers/STM32F3xx_HAL_Driver/stm32f3xx_hal_adc_ex.o
                0x00000000080025b6                HAL_ADCEx_InjectedConvCpltCallback
 .text.HAL_ADCEx_InjectedQueueOverflowCallback
                0x00000000080025b8        0x2 Drivers/STM32F3xx_HAL_Driver/stm32f3xx_hal_adc_ex.o
                0x00000000080025b8                HAL_ADCEx_InjectedQueueOverflowCallback
 .text.HAL_ADCEx_LevelOutOfWindow2Callback
                0x00000000080025ba        0x2 Drivers/STM32F3xx_HAL_Driver/stm32f3xx_hal_adc_ex.o
                0x00000000080025ba                HAL_ADCEx_LevelOutOfWindow2Callback
 .text.HAL_ADCEx_LevelOutOfWindow3Callback
                0x00000000080025bc        0x2 Drivers/STM32F3xx_HAL_Driver/stm32f3xx_hal_adc_ex.o
                0x00000000080025bc                HAL_ADCEx_LevelOutOfWindow3Callback
 *fill*         0x00000000080025be        0x2 
 .text.HAL_ADC_IRQHandler
                0x00000000080025c0      0x2c8 Drivers/STM32F3xx_HAL_Driver/stm32f3xx_hal_adc_ex.o
                0x00000000080025c0                HAL_ADC_IRQHandler
 .text.HAL_ADC_ConfigChannel
                0x0000000008002888      0x370 Drivers/STM32F3xx_HAL_Driver/stm32f3xx_hal_adc_ex.o
                0x0000000008002888                HAL_ADC_ConfigChannel
 .text.HAL_ADCEx_MultiModeConfigChannel
                0x0000000008002bf8      0x110 Drivers/STM32F3xx_HAL_Driver/stm32f3xx_hal_adc_ex.o
                0x0000000008002bf8                HAL_ADCEx_MultiModeConfigChannel
 .text.HAL_NVIC_SetPriorityGrouping
                0x0000000008002d08       0x24 Drivers/STM32F3xx_HAL_Driver/stm32f3xx_hal_cortex.o
                0x0000000008002d08                HAL_NVIC_SetPriorityGrouping
 .text.HAL_NVIC_SetPriority
                0x0000000008002d2c       0x68 Drivers/STM32F3xx_HAL_Driver/stm32f3xx_hal_cortex.o
                0x0000000008002d2c                HAL_NVIC_SetPriority
 .text.HAL_NVIC_EnableIRQ
                0x0000000008002d94       0x18 Drivers/STM32F3xx_HAL_Driver/stm32f3xx_hal_cortex.o
                0x0000000008002d94                HAL_NVIC_EnableIRQ
 .text.HAL_SYSTICK_Config
                0x0000000008002dac       0x2c Drivers/STM32F3xx_HAL_Driver/stm32f3xx_hal_cortex.o
                0x0000000008002dac                HAL_SYSTICK_Config
 .text.DMA_SetConfig
                0x0000000008002dd8       0x2c Drivers/STM32F3xx_HAL_Driver/stm32f3xx_hal_dma.o
 .text.DMA_CalcBaseAndBitshift
                0x0000000008002e04       0x24 Drivers/STM32F3xx_HAL_Driver/stm32f3xx_hal_dma.o
 .text.HAL_DMA_Init
                0x0000000008002e28       0x50 Drivers/STM32F3xx_HAL_Driver/stm32f3xx_hal_dma.o
                0x0000000008002e28                HAL_DMA_Init
 .text.HAL_DMA_Start_IT
                0x0000000008002e78       0x74 Drivers/STM32F3xx_HAL_Driver/stm32f3xx_hal_dma.o
                0x0000000008002e78                HAL_DMA_Start_IT
 .text.HAL_DMA_Abort
                0x0000000008002eec       0x2e Drivers/STM32F3xx_HAL_Driver/stm32f3xx_hal_dma.o
                0x0000000008002eec                HAL_DMA_Abort
 .text.HAL_DMA_Abort_IT
                0x0000000008002f1a       0x4a Drivers/STM32F3xx_HAL_Driver/stm32f3xx_hal_dma.o
                0x0000000008002f1a                HAL_DMA_Abort_IT
 .text.HAL_DMA_IRQHandler
                0x0000000008002f64       0xb4 Drivers/STM32F3xx_HAL_Driver/stm32f3xx_hal_dma.o
                0x0000000008002f64                HAL_DMA_IRQHandler
 .text.HAL_GPIO_Init
                0x0000000008003018      0x188 Drivers/STM32F3xx_HAL_Driver/stm32f3xx_hal_gpio.o
                0x0000000008003018                HAL_GPIO_Init
 .text.HAL_GPIO_WritePin
                0x00000000080031a0        0xa Drivers/STM32F3xx_HAL_Driver/stm32f3xx_hal_gpio.o
                0x00000000080031a0                HAL_GPIO_WritePin
 .text.HAL_GPIO_TogglePin
                0x00000000080031aa        0x8 Drivers/STM32F3xx_HAL_Driver/stm32f3xx_hal_gpio.o
                0x00000000080031aa                HAL_GPIO_TogglePin
 *fill*         0x00000000080031b2        0x2 
 .text.HAL_GPIO_EXTI_IRQHandler
                0x00000000080031b4       0x1c Drivers/STM32F3xx_HAL_Driver/stm32f3xx_hal_gpio.o
                0x00000000080031b4                HAL_GPIO_EXTI_IRQHandler
 .text.I2C_Flush_TXDR
                0x00000000080031d0       0x22 Drivers/STM32F3xx_HAL_Driver/stm32f3xx_hal_i2c.o
 .text.I2C_TransferConfig
                0x00000000080031f2       0x36 Drivers/STM32F3xx_HAL_Driver/stm32f3xx_hal_i2c.o
 .text.I2C_Enable_IRQ
                0x0000000008003228       0x84 Drivers/STM32F3xx_HAL_Driver/stm32f3xx_hal_i2c.o
 .text.I2C_Disable_IRQ
                0x00000000080032ac       0x7e Drivers/STM32F3xx_HAL_Driver/stm32f3xx_hal_i2c.o
 .text.I2C_IsAcknowledgeFailed
                0x000000000800332a       0x82 Drivers/STM32F3xx_HAL_Driver/stm32f3xx_hal_i2c.o
 .text.I2C_WaitOnTXISFlagUntilTimeout
                0x00000000080033ac       0x54 Drivers/STM32F3xx_HAL_Driver/stm32f3xx_hal_i2c.o
 .text.I2C_WaitOnFlagUntilTimeout
                0x0000000008003400       0x48 Drivers/STM32F3xx_HAL_Driver/stm32f3xx_hal_i2c.o
 .text.I2C_RequestMemoryWrite
                0x0000000008003448       0x88 Drivers/STM32F3xx_HAL_Driver/stm32f3xx_hal_i2c.o
 .text.I2C_WaitOnSTOPFlagUntilTimeout
                0x00000000080034d0       0x4e Drivers/STM32F3xx_HAL_Driver/stm32f3xx_hal_i2c.o
 .text.HAL_I2C_Init
                0x000000000800351e       0xbc Drivers/STM32F3xx_HAL_Driver/stm32f3xx_hal_i2c.o
                0x000000000800351e                HAL_I2C_Init
 *fill*         0x00000000080035da        0x2 
 .text.HAL_I2C_Master_Transmit
                0x00000000080035dc      0x190 Drivers/STM32F3xx_HAL_Driver/stm32f3xx_hal_i2c.o
                0x00000000080035dc                HAL_I2C_Master_Transmit
 .text.HAL_I2C_Master_Receive_IT
                0x000000000800376c       0x98 Drivers/STM32F3xx_HAL_Driver/stm32f3xx_hal_i2c.o
                0x000000000800376c                HAL_I2C_Master_Receive_IT
 .text.HAL_I2C_Mem_Write
                0x0000000008003804      0x1d2 Drivers/STM32F3xx_HAL_Driver/stm32f3xx_hal_i2c.o
                0x0000000008003804                HAL_I2C_Mem_Write
 .text.HAL_I2C_EV_IRQHandler
                0x00000000080039d6       0x10 Drivers/STM32F3xx_HAL_Driver/stm32f3xx_hal_i2c.o
                0x00000000080039d6                HAL_I2C_EV_IRQHandler
 .text.I2C_ITMasterSequentialCplt
                0x00000000080039e6       0x54 Drivers/STM32F3xx_HAL_Driver/stm32f3xx_hal_i2c.o
 .text.HAL_I2C_SlaveTxCpltCallback
                0x0000000008003a3a        0x2 Drivers/STM32F3xx_HAL_Driver/stm32f3xx_hal_i2c.o
                0x0000000008003a3a                HAL_I2C_SlaveTxCpltCallback
 .text.HAL_I2C_SlaveRxCpltCallback
                0x0000000008003a3c        0x2 Drivers/STM32F3xx_HAL_Driver/stm32f3xx_hal_i2c.o
                0x0000000008003a3c                HAL_I2C_SlaveRxCpltCallback
 .text.I2C_ITSlaveSequentialCplt
                0x0000000008003a3e       0x5c Drivers/STM32F3xx_HAL_Driver/stm32f3xx_hal_i2c.o
 .text.HAL_I2C_AddrCallback
                0x0000000008003a9a        0x2 Drivers/STM32F3xx_HAL_Driver/stm32f3xx_hal_i2c.o
                0x0000000008003a9a                HAL_I2C_AddrCallback
 .text.I2C_ITAddrCplt
                0x0000000008003a9c       0x9c Drivers/STM32F3xx_HAL_Driver/stm32f3xx_hal_i2c.o
 .text.HAL_I2C_ListenCpltCallback
                0x0000000008003b38        0x2 Drivers/STM32F3xx_HAL_Driver/stm32f3xx_hal_i2c.o
                0x0000000008003b38                HAL_I2C_ListenCpltCallback
 *fill*         0x0000000008003b3a        0x2 
 .text.I2C_ITListenCplt
                0x0000000008003b3c       0x64 Drivers/STM32F3xx_HAL_Driver/stm32f3xx_hal_i2c.o
 .text.HAL_I2C_MemTxCpltCallback
                0x0000000008003ba0        0x2 Drivers/STM32F3xx_HAL_Driver/stm32f3xx_hal_i2c.o
                0x0000000008003ba0                HAL_I2C_MemTxCpltCallback
 .text.HAL_I2C_MemRxCpltCallback
                0x0000000008003ba2        0x2 Drivers/STM32F3xx_HAL_Driver/stm32f3xx_hal_i2c.o
                0x0000000008003ba2                HAL_I2C_MemRxCpltCallback
 .text.HAL_I2C_AbortCpltCallback
                0x0000000008003ba4        0x2 Drivers/STM32F3xx_HAL_Driver/stm32f3xx_hal_i2c.o
                0x0000000008003ba4                HAL_I2C_AbortCpltCallback
 *fill*         0x0000000008003ba6        0x2 
 .text.I2C_ITError
                0x0000000008003ba8      0x100 Drivers/STM32F3xx_HAL_Driver/stm32f3xx_hal_i2c.o
 .text.I2C_ITSlaveCplt
                0x0000000008003ca8      0x124 Drivers/STM32F3xx_HAL_Driver/stm32f3xx_hal_i2c.o
 .text.I2C_Slave_ISR_IT
                0x0000000008003dcc      0x14a Drivers/STM32F3xx_HAL_Driver/stm32f3xx_hal_i2c.o
 .text.I2C_Slave_ISR_DMA
                0x0000000008003f16       0x90 Drivers/STM32F3xx_HAL_Driver/stm32f3xx_hal_i2c.o
 .text.I2C_ITMasterCplt
                0x0000000008003fa6       0xe2 Drivers/STM32F3xx_HAL_Driver/stm32f3xx_hal_i2c.o
 .text.I2C_Master_ISR_IT
                0x0000000008004088      0x174 Drivers/STM32F3xx_HAL_Driver/stm32f3xx_hal_i2c.o
 .text.I2C_Master_ISR_DMA
                0x00000000080041fc       0xe2 Drivers/STM32F3xx_HAL_Driver/stm32f3xx_hal_i2c.o
 .text.HAL_I2C_ER_IRQHandler
                0x00000000080042de       0x6c Drivers/STM32F3xx_HAL_Driver/stm32f3xx_hal_i2c.o
                0x00000000080042de                HAL_I2C_ER_IRQHandler
 .text.I2C_DMAAbort
                0x000000000800434a       0x34 Drivers/STM32F3xx_HAL_Driver/stm32f3xx_hal_i2c.o
 .text.HAL_I2CEx_ConfigAnalogFilter
                0x000000000800437e       0x5c Drivers/STM32F3xx_HAL_Driver/stm32f3xx_hal_i2c_ex.o
                0x000000000800437e                HAL_I2CEx_ConfigAnalogFilter
 .text.HAL_I2CEx_ConfigDigitalFilter
                0x00000000080043da       0x58 Drivers/STM32F3xx_HAL_Driver/stm32f3xx_hal_i2c_ex.o
                0x00000000080043da                HAL_I2CEx_ConfigDigitalFilter
 *fill*         0x0000000008004432        0x2 
 .text.HAL_OPAMP_Init
                0x0000000008004434       0xe0 Drivers/STM32F3xx_HAL_Driver/stm32f3xx_hal_opamp.o
                0x0000000008004434                HAL_OPAMP_Init
 .text.HAL_OPAMP_Start
                0x0000000008004514       0x36 Drivers/STM32F3xx_HAL_Driver/stm32f3xx_hal_opamp.o
                0x0000000008004514                HAL_OPAMP_Start
 *fill*         0x000000000800454a        0x2 
 .text.HAL_RCC_OscConfig
                0x000000000800454c      0x618 Drivers/STM32F3xx_HAL_Driver/stm32f3xx_hal_rcc.o
                0x000000000800454c                HAL_RCC_OscConfig
 .text.HAL_RCC_GetSysClockFreq
                0x0000000008004b64       0x70 Drivers/STM32F3xx_HAL_Driver/stm32f3xx_hal_rcc.o
                0x0000000008004b64                HAL_RCC_GetSysClockFreq
 .text.HAL_RCC_ClockConfig
                0x0000000008004bd4      0x1a0 Drivers/STM32F3xx_HAL_Driver/stm32f3xx_hal_rcc.o
                0x0000000008004bd4                HAL_RCC_ClockConfig
 .text.HAL_RCC_GetHCLKFreq
                0x0000000008004d74        0xc Drivers/STM32F3xx_HAL_Driver/stm32f3xx_hal_rcc.o
                0x0000000008004d74                HAL_RCC_GetHCLKFreq
 .text.HAL_RCC_GetPCLK1Freq
                0x0000000008004d80       0x2c Drivers/STM32F3xx_HAL_Driver/stm32f3xx_hal_rcc.o
                0x0000000008004d80                HAL_RCC_GetPCLK1Freq
 .text.HAL_RCC_GetPCLK2Freq
                0x0000000008004dac       0x2c Drivers/STM32F3xx_HAL_Driver/stm32f3xx_hal_rcc.o
                0x0000000008004dac                HAL_RCC_GetPCLK2Freq
 .text.HAL_RCCEx_PeriphCLKConfig
                0x0000000008004dd8      0x1ac Drivers/STM32F3xx_HAL_Driver/stm32f3xx_hal_rcc_ex.o
                0x0000000008004dd8                HAL_RCCEx_PeriphCLKConfig
 .text.TIM_TI1_ConfigInputStage
                0x0000000008004f84       0x26 Drivers/STM32F3xx_HAL_Driver/stm32f3xx_hal_tim.o
 .text.TIM_TI2_ConfigInputStage
                0x0000000008004faa       0x28 Drivers/STM32F3xx_HAL_Driver/stm32f3xx_hal_tim.o
 .text.TIM_ITRx_SetConfig
                0x0000000008004fd2       0x10 Drivers/STM32F3xx_HAL_Driver/stm32f3xx_hal_tim.o
 .text.HAL_TIM_Base_Start_IT
                0x0000000008004fe2       0x18 Drivers/STM32F3xx_HAL_Driver/stm32f3xx_hal_tim.o
                0x0000000008004fe2                HAL_TIM_Base_Start_IT
 .text.HAL_TIM_Base_Stop_IT
                0x0000000008004ffa       0x2c Drivers/STM32F3xx_HAL_Driver/stm32f3xx_hal_tim.o
                0x0000000008004ffa                HAL_TIM_Base_Stop_IT
 .text.HAL_TIM_OC_DelayElapsedCallback
                0x0000000008005026        0x2 Drivers/STM32F3xx_HAL_Driver/stm32f3xx_hal_tim.o
                0x0000000008005026                HAL_TIM_OC_DelayElapsedCallback
 .text.HAL_TIM_IC_CaptureCallback
                0x0000000008005028        0x2 Drivers/STM32F3xx_HAL_Driver/stm32f3xx_hal_tim.o
                0x0000000008005028                HAL_TIM_IC_CaptureCallback
 .text.HAL_TIM_PWM_PulseFinishedCallback
                0x000000000800502a        0x2 Drivers/STM32F3xx_HAL_Driver/stm32f3xx_hal_tim.o
                0x000000000800502a                HAL_TIM_PWM_PulseFinishedCallback
 .text.HAL_TIM_TriggerCallback
                0x000000000800502c        0x2 Drivers/STM32F3xx_HAL_Driver/stm32f3xx_hal_tim.o
                0x000000000800502c                HAL_TIM_TriggerCallback
 .text.HAL_TIM_IRQHandler
                0x000000000800502e      0x19a Drivers/STM32F3xx_HAL_Driver/stm32f3xx_hal_tim.o
                0x000000000800502e                HAL_TIM_IRQHandler
 .text.TIM_Base_SetConfig
                0x00000000080051c8       0x90 Drivers/STM32F3xx_HAL_Driver/stm32f3xx_hal_tim.o
                0x00000000080051c8                TIM_Base_SetConfig
 .text.HAL_TIM_Base_Init
                0x0000000008005258       0x32 Drivers/STM32F3xx_HAL_Driver/stm32f3xx_hal_tim.o
                0x0000000008005258                HAL_TIM_Base_Init
 .text.TIM_ETR_SetConfig
                0x000000000800528a       0x18 Drivers/STM32F3xx_HAL_Driver/stm32f3xx_hal_tim.o
                0x000000000800528a                TIM_ETR_SetConfig
 *fill*         0x00000000080052a2        0x2 
 .text.HAL_TIM_ConfigClockSource
                0x00000000080052a4      0x118 Drivers/STM32F3xx_HAL_Driver/stm32f3xx_hal_tim.o
                0x00000000080052a4                HAL_TIM_ConfigClockSource
 .text.HAL_TIMEx_MasterConfigSynchronization
                0x00000000080053bc       0x50 Drivers/STM32F3xx_HAL_Driver/stm32f3xx_hal_tim_ex.o
                0x00000000080053bc                HAL_TIMEx_MasterConfigSynchronization
 .text.HAL_TIMEx_CommutationCallback
                0x000000000800540c        0x2 Drivers/STM32F3xx_HAL_Driver/stm32f3xx_hal_tim_ex.o
                0x000000000800540c                HAL_TIMEx_CommutationCallback
 .text.HAL_TIMEx_BreakCallback
                0x000000000800540e        0x2 Drivers/STM32F3xx_HAL_Driver/stm32f3xx_hal_tim_ex.o
                0x000000000800540e                HAL_TIMEx_BreakCallback
 .text.HAL_TIMEx_Break2Callback
                0x0000000008005410        0x2 Drivers/STM32F3xx_HAL_Driver/stm32f3xx_hal_tim_ex.o
                0x0000000008005410                HAL_TIMEx_Break2Callback
 .text.UART_EndRxTransfer
                0x0000000008005412       0x1c Drivers/STM32F3xx_HAL_Driver/stm32f3xx_hal_uart.o
 .text.HAL_UART_Transmit_IT
                0x000000000800542e       0x4c Drivers/STM32F3xx_HAL_Driver/stm32f3xx_hal_uart.o
                0x000000000800542e                HAL_UART_Transmit_IT
 .text.HAL_UART_Receive_IT
                0x000000000800547a       0xae Drivers/STM32F3xx_HAL_Driver/stm32f3xx_hal_uart.o
                0x000000000800547a                HAL_UART_Receive_IT
 .text.UART_DMAAbortOnError
                0x0000000008005528       0x14 Drivers/STM32F3xx_HAL_Driver/stm32f3xx_hal_uart.o
 .text.HAL_UART_GetState
                0x000000000800553c        0xc Drivers/STM32F3xx_HAL_Driver/stm32f3xx_hal_uart.o
                0x000000000800553c                HAL_UART_GetState
 .text.HAL_UART_GetError
                0x0000000008005548        0x4 Drivers/STM32F3xx_HAL_Driver/stm32f3xx_hal_uart.o
                0x0000000008005548                HAL_UART_GetError
 .text.UART_SetConfig
                0x000000000800554c      0x1b8 Drivers/STM32F3xx_HAL_Driver/stm32f3xx_hal_uart.o
                0x000000000800554c                UART_SetConfig
 .text.UART_AdvFeatureConfig
                0x0000000008005704       0xca Drivers/STM32F3xx_HAL_Driver/stm32f3xx_hal_uart.o
                0x0000000008005704                UART_AdvFeatureConfig
 .text.UART_WaitOnFlagUntilTimeout
                0x00000000080057ce       0x62 Drivers/STM32F3xx_HAL_Driver/stm32f3xx_hal_uart.o
                0x00000000080057ce                UART_WaitOnFlagUntilTimeout
 .text.HAL_UART_Transmit
                0x0000000008005830       0xce Drivers/STM32F3xx_HAL_Driver/stm32f3xx_hal_uart.o
                0x0000000008005830                HAL_UART_Transmit
 .text.UART_CheckIdleState
                0x00000000080058fe       0x70 Drivers/STM32F3xx_HAL_Driver/stm32f3xx_hal_uart.o
                0x00000000080058fe                UART_CheckIdleState
 .text.HAL_UART_Init
                0x000000000800596e       0x66 Drivers/STM32F3xx_HAL_Driver/stm32f3xx_hal_uart.o
                0x000000000800596e                HAL_UART_Init
 .text.UART_Transmit_IT
                0x00000000080059d4       0x6c Drivers/STM32F3xx_HAL_Driver/stm32f3xx_hal_uart.o
                0x00000000080059d4                UART_Transmit_IT
 .text.UART_EndTransmit_IT
                0x0000000008005a40       0x1a Drivers/STM32F3xx_HAL_Driver/stm32f3xx_hal_uart.o
                0x0000000008005a40                UART_EndTransmit_IT
 .text.UART_Receive_IT
                0x0000000008005a5a       0x80 Drivers/STM32F3xx_HAL_Driver/stm32f3xx_hal_uart.o
                0x0000000008005a5a                UART_Receive_IT
 *fill*         0x0000000008005ada        0x2 
 .text.HAL_UART_IRQHandler
                0x0000000008005adc      0x15c Drivers/STM32F3xx_HAL_Driver/stm32f3xx_hal_uart.o
                0x0000000008005adc                HAL_UART_IRQHandler
 .text.HAL_UARTEx_WakeupCallback
                0x0000000008005c38        0x2 Drivers/STM32F3xx_HAL_Driver/stm32f3xx_hal_uart_ex.o
                0x0000000008005c38                HAL_UARTEx_WakeupCallback
 *fill*         0x0000000008005c3a        0x2 
 .text.__errno  0x0000000008005c3c        0xc /home/przemek/Ac6/SystemWorkbench/plugins/fr.ac6.mcu.externaltools.arm-none.linux64_1.17.0.201812190825/tools/compiler/bin/../lib/gcc/arm-none-eabi/7.3.1/../../../../arm-none-eabi/lib/thumb/v7e-m/fpv4-sp/hard/libc_nano.a(lib_a-errno.o)
                0x0000000008005c3c                __errno
 .text.__libc_init_array
                0x0000000008005c48       0x48 /home/przemek/Ac6/SystemWorkbench/plugins/fr.ac6.mcu.externaltools.arm-none.linux64_1.17.0.201812190825/tools/compiler/bin/../lib/gcc/arm-none-eabi/7.3.1/../../../../arm-none-eabi/lib/thumb/v7e-m/fpv4-sp/hard/libc_nano.a(lib_a-init.o)
                0x0000000008005c48                __libc_init_array
 .text.memcmp   0x0000000008005c90       0x1e /home/przemek/Ac6/SystemWorkbench/plugins/fr.ac6.mcu.externaltools.arm-none.linux64_1.17.0.201812190825/tools/compiler/bin/../lib/gcc/arm-none-eabi/7.3.1/../../../../arm-none-eabi/lib/thumb/v7e-m/fpv4-sp/hard/libc_nano.a(lib_a-memcmp.o)
                0x0000000008005c90                memcmp
 .text.memset   0x0000000008005cae       0x10 /home/przemek/Ac6/SystemWorkbench/plugins/fr.ac6.mcu.externaltools.arm-none.linux64_1.17.0.201812190825/tools/compiler/bin/../lib/gcc/arm-none-eabi/7.3.1/../../../../arm-none-eabi/lib/thumb/v7e-m/fpv4-sp/hard/libc_nano.a(lib_a-memset.o)
                0x0000000008005cae                memset
 .text.__cvt    0x0000000008005cbe       0xc2 /home/przemek/Ac6/SystemWorkbench/plugins/fr.ac6.mcu.externaltools.arm-none.linux64_1.17.0.201812190825/tools/compiler/bin/../lib/gcc/arm-none-eabi/7.3.1/../../../../arm-none-eabi/lib/thumb/v7e-m/fpv4-sp/hard/libc_nano.a(lib_a-nano-vfprintf_float.o)
                0x0000000008005cbe                __cvt
 .text.__exponent
                0x0000000008005d80       0x66 /home/przemek/Ac6/SystemWorkbench/plugins/fr.ac6.mcu.externaltools.arm-none.linux64_1.17.0.201812190825/tools/compiler/bin/../lib/gcc/arm-none-eabi/7.3.1/../../../../arm-none-eabi/lib/thumb/v7e-m/fpv4-sp/hard/libc_nano.a(lib_a-nano-vfprintf_float.o)
                0x0000000008005d80                __exponent
 *fill*         0x0000000008005de6        0x2 
 .text._printf_float
                0x0000000008005de8      0x480 /home/przemek/Ac6/SystemWorkbench/plugins/fr.ac6.mcu.externaltools.arm-none.linux64_1.17.0.201812190825/tools/compiler/bin/../lib/gcc/arm-none-eabi/7.3.1/../../../../arm-none-eabi/lib/thumb/v7e-m/fpv4-sp/hard/libc_nano.a(lib_a-nano-vfprintf_float.o)
                0x0000000008005de8                _printf_float
 .text._printf_common
                0x0000000008006268       0xea /home/przemek/Ac6/SystemWorkbench/plugins/fr.ac6.mcu.externaltools.arm-none.linux64_1.17.0.201812190825/tools/compiler/bin/../lib/gcc/arm-none-eabi/7.3.1/../../../../arm-none-eabi/lib/thumb/v7e-m/fpv4-sp/hard/libc_nano.a(lib_a-nano-vfprintf_i.o)
                0x0000000008006268                _printf_common
 *fill*         0x0000000008006352        0x2 
 .text._printf_i
                0x0000000008006354      0x224 /home/przemek/Ac6/SystemWorkbench/plugins/fr.ac6.mcu.externaltools.arm-none.linux64_1.17.0.201812190825/tools/compiler/bin/../lib/gcc/arm-none-eabi/7.3.1/../../../../arm-none-eabi/lib/thumb/v7e-m/fpv4-sp/hard/libc_nano.a(lib_a-nano-vfprintf_i.o)
                0x0000000008006354                _printf_i
 .text.sprintf  0x0000000008006578       0x40 /home/przemek/Ac6/SystemWorkbench/plugins/fr.ac6.mcu.externaltools.arm-none.linux64_1.17.0.201812190825/tools/compiler/bin/../lib/gcc/arm-none-eabi/7.3.1/../../../../arm-none-eabi/lib/thumb/v7e-m/fpv4-sp/hard/libc_nano.a(lib_a-sprintf.o)
                0x0000000008006578                sprintf
                0x0000000008006578                siprintf
 .text.sscanf   0x00000000080065b8       0x54 /home/przemek/Ac6/SystemWorkbench/plugins/fr.ac6.mcu.externaltools.arm-none.linux64_1.17.0.201812190825/tools/compiler/bin/../lib/gcc/arm-none-eabi/7.3.1/../../../../arm-none-eabi/lib/thumb/v7e-m/fpv4-sp/hard/libc_nano.a(lib_a-sscanf.o)
                0x00000000080065b8                sscanf
                0x00000000080065b8                siscanf
 .text.__seofread
                0x000000000800660c        0x4 /home/przemek/Ac6/SystemWorkbench/plugins/fr.ac6.mcu.externaltools.arm-none.linux64_1.17.0.201812190825/tools/compiler/bin/../lib/gcc/arm-none-eabi/7.3.1/../../../../arm-none-eabi/lib/thumb/v7e-m/fpv4-sp/hard/libc_nano.a(lib_a-stdio.o)
                0x000000000800660c                __seofread
 .text.quorem   0x0000000008006610      0x118 /home/przemek/Ac6/SystemWorkbench/plugins/fr.ac6.mcu.externaltools.arm-none.linux64_1.17.0.201812190825/tools/compiler/bin/../lib/gcc/arm-none-eabi/7.3.1/../../../../arm-none-eabi/lib/thumb/v7e-m/fpv4-sp/hard/libc_nano.a(lib_a-dtoa.o)
 .text._dtoa_r  0x0000000008006728      0xb70 /home/przemek/Ac6/SystemWorkbench/plugins/fr.ac6.mcu.externaltools.arm-none.linux64_1.17.0.201812190825/tools/compiler/bin/../lib/gcc/arm-none-eabi/7.3.1/../../../../arm-none-eabi/lib/thumb/v7e-m/fpv4-sp/hard/libc_nano.a(lib_a-dtoa.o)
                0x0000000008006728                _dtoa_r
 .text._localeconv_r
                0x0000000008007298       0x1c /home/przemek/Ac6/SystemWorkbench/plugins/fr.ac6.mcu.externaltools.arm-none.linux64_1.17.0.201812190825/tools/compiler/bin/../lib/gcc/arm-none-eabi/7.3.1/../../../../arm-none-eabi/lib/thumb/v7e-m/fpv4-sp/hard/libc_nano.a(lib_a-localeconv.o)
                0x0000000008007298                _localeconv_r
 .text.malloc   0x00000000080072b4       0x10 /home/przemek/Ac6/SystemWorkbench/plugins/fr.ac6.mcu.externaltools.arm-none.linux64_1.17.0.201812190825/tools/compiler/bin/../lib/gcc/arm-none-eabi/7.3.1/../../../../arm-none-eabi/lib/thumb/v7e-m/fpv4-sp/hard/libc_nano.a(lib_a-malloc.o)
                0x00000000080072b4                malloc
 .text.memcpy   0x00000000080072c4       0x16 /home/przemek/Ac6/SystemWorkbench/plugins/fr.ac6.mcu.externaltools.arm-none.linux64_1.17.0.201812190825/tools/compiler/bin/../lib/gcc/arm-none-eabi/7.3.1/../../../../arm-none-eabi/lib/thumb/v7e-m/fpv4-sp/hard/libc_nano.a(lib_a-memcpy-stub.o)
                0x00000000080072c4                memcpy
 .text._Balloc  0x00000000080072da       0x68 /home/przemek/Ac6/SystemWorkbench/plugins/fr.ac6.mcu.externaltools.arm-none.linux64_1.17.0.201812190825/tools/compiler/bin/../lib/gcc/arm-none-eabi/7.3.1/../../../../arm-none-eabi/lib/thumb/v7e-m/fpv4-sp/hard/libc_nano.a(lib_a-mprec.o)
                0x00000000080072da                _Balloc
 .text._Bfree   0x0000000008007342       0x2e /home/przemek/Ac6/SystemWorkbench/plugins/fr.ac6.mcu.externaltools.arm-none.linux64_1.17.0.201812190825/tools/compiler/bin/../lib/gcc/arm-none-eabi/7.3.1/../../../../arm-none-eabi/lib/thumb/v7e-m/fpv4-sp/hard/libc_nano.a(lib_a-mprec.o)
                0x0000000008007342                _Bfree
 .text.__multadd
                0x0000000008007370       0x76 /home/przemek/Ac6/SystemWorkbench/plugins/fr.ac6.mcu.externaltools.arm-none.linux64_1.17.0.201812190825/tools/compiler/bin/../lib/gcc/arm-none-eabi/7.3.1/../../../../arm-none-eabi/lib/thumb/v7e-m/fpv4-sp/hard/libc_nano.a(lib_a-mprec.o)
                0x0000000008007370                __multadd
 .text.__hi0bits
                0x00000000080073e6       0x3e /home/przemek/Ac6/SystemWorkbench/plugins/fr.ac6.mcu.externaltools.arm-none.linux64_1.17.0.201812190825/tools/compiler/bin/../lib/gcc/arm-none-eabi/7.3.1/../../../../arm-none-eabi/lib/thumb/v7e-m/fpv4-sp/hard/libc_nano.a(lib_a-mprec.o)
                0x00000000080073e6                __hi0bits
 .text.__lo0bits
                0x0000000008007424       0x5e /home/przemek/Ac6/SystemWorkbench/plugins/fr.ac6.mcu.externaltools.arm-none.linux64_1.17.0.201812190825/tools/compiler/bin/../lib/gcc/arm-none-eabi/7.3.1/../../../../arm-none-eabi/lib/thumb/v7e-m/fpv4-sp/hard/libc_nano.a(lib_a-mprec.o)
                0x0000000008007424                __lo0bits
 .text.__i2b    0x0000000008007482       0x12 /home/przemek/Ac6/SystemWorkbench/plugins/fr.ac6.mcu.externaltools.arm-none.linux64_1.17.0.201812190825/tools/compiler/bin/../lib/gcc/arm-none-eabi/7.3.1/../../../../arm-none-eabi/lib/thumb/v7e-m/fpv4-sp/hard/libc_nano.a(lib_a-mprec.o)
                0x0000000008007482                __i2b
 .text.__multiply
                0x0000000008007494      0x12c /home/przemek/Ac6/SystemWorkbench/plugins/fr.ac6.mcu.externaltools.arm-none.linux64_1.17.0.201812190825/tools/compiler/bin/../lib/gcc/arm-none-eabi/7.3.1/../../../../arm-none-eabi/lib/thumb/v7e-m/fpv4-sp/hard/libc_nano.a(lib_a-mprec.o)
                0x0000000008007494                __multiply
 .text.__pow5mult
                0x00000000080075c0       0x9c /home/przemek/Ac6/SystemWorkbench/plugins/fr.ac6.mcu.externaltools.arm-none.linux64_1.17.0.201812190825/tools/compiler/bin/../lib/gcc/arm-none-eabi/7.3.1/../../../../arm-none-eabi/lib/thumb/v7e-m/fpv4-sp/hard/libc_nano.a(lib_a-mprec.o)
                0x00000000080075c0                __pow5mult
 .text.__lshift
                0x000000000800765c       0xa8 /home/przemek/Ac6/SystemWorkbench/plugins/fr.ac6.mcu.externaltools.arm-none.linux64_1.17.0.201812190825/tools/compiler/bin/../lib/gcc/arm-none-eabi/7.3.1/../../../../arm-none-eabi/lib/thumb/v7e-m/fpv4-sp/hard/libc_nano.a(lib_a-mprec.o)
                0x000000000800765c                __lshift
 .text.__mcmp   0x0000000008007704       0x34 /home/przemek/Ac6/SystemWorkbench/plugins/fr.ac6.mcu.externaltools.arm-none.linux64_1.17.0.201812190825/tools/compiler/bin/../lib/gcc/arm-none-eabi/7.3.1/../../../../arm-none-eabi/lib/thumb/v7e-m/fpv4-sp/hard/libc_nano.a(lib_a-mprec.o)
                0x0000000008007704                __mcmp
 .text.__mdiff  0x0000000008007738       0xba /home/przemek/Ac6/SystemWorkbench/plugins/fr.ac6.mcu.externaltools.arm-none.linux64_1.17.0.201812190825/tools/compiler/bin/../lib/gcc/arm-none-eabi/7.3.1/../../../../arm-none-eabi/lib/thumb/v7e-m/fpv4-sp/hard/libc_nano.a(lib_a-mprec.o)
                0x0000000008007738                __mdiff
 .text.__d2b    0x00000000080077f2       0x9e /home/przemek/Ac6/SystemWorkbench/plugins/fr.ac6.mcu.externaltools.arm-none.linux64_1.17.0.201812190825/tools/compiler/bin/../lib/gcc/arm-none-eabi/7.3.1/../../../../arm-none-eabi/lib/thumb/v7e-m/fpv4-sp/hard/libc_nano.a(lib_a-mprec.o)
                0x00000000080077f2                __d2b
 .text._calloc_r
                0x0000000008007890       0x1c /home/przemek/Ac6/SystemWorkbench/plugins/fr.ac6.mcu.externaltools.arm-none.linux64_1.17.0.201812190825/tools/compiler/bin/../lib/gcc/arm-none-eabi/7.3.1/../../../../arm-none-eabi/lib/thumb/v7e-m/fpv4-sp/hard/libc_nano.a(lib_a-nano-callocr.o)
                0x0000000008007890                _calloc_r
 .text._free_r  0x00000000080078ac       0x9c /home/przemek/Ac6/SystemWorkbench/plugins/fr.ac6.mcu.externaltools.arm-none.linux64_1.17.0.201812190825/tools/compiler/bin/../lib/gcc/arm-none-eabi/7.3.1/../../../../arm-none-eabi/lib/thumb/v7e-m/fpv4-sp/hard/libc_nano.a(lib_a-nano-freer.o)
                0x00000000080078ac                _free_r
 .text._malloc_r
                0x0000000008007948       0xb4 /home/przemek/Ac6/SystemWorkbench/plugins/fr.ac6.mcu.externaltools.arm-none.linux64_1.17.0.201812190825/tools/compiler/bin/../lib/gcc/arm-none-eabi/7.3.1/../../../../arm-none-eabi/lib/thumb/v7e-m/fpv4-sp/hard/libc_nano.a(lib_a-nano-mallocr.o)
                0x0000000008007948                _malloc_r
 .text.__ssputs_r
                0x00000000080079fc       0xb4 /home/przemek/Ac6/SystemWorkbench/plugins/fr.ac6.mcu.externaltools.arm-none.linux64_1.17.0.201812190825/tools/compiler/bin/../lib/gcc/arm-none-eabi/7.3.1/../../../../arm-none-eabi/lib/thumb/v7e-m/fpv4-sp/hard/libc_nano.a(lib_a-nano-svfprintf.o)
                0x00000000080079fc                __ssputs_r
 .text._svfprintf_r
                0x0000000008007ab0      0x1f0 /home/przemek/Ac6/SystemWorkbench/plugins/fr.ac6.mcu.externaltools.arm-none.linux64_1.17.0.201812190825/tools/compiler/bin/../lib/gcc/arm-none-eabi/7.3.1/../../../../arm-none-eabi/lib/thumb/v7e-m/fpv4-sp/hard/libc_nano.a(lib_a-nano-svfprintf.o)
                0x0000000008007ab0                _svfprintf_r
                0x0000000008007ab0                _svfiprintf_r
 .text._sungetc_r
                0x0000000008007ca0       0x7a /home/przemek/Ac6/SystemWorkbench/plugins/fr.ac6.mcu.externaltools.arm-none.linux64_1.17.0.201812190825/tools/compiler/bin/../lib/gcc/arm-none-eabi/7.3.1/../../../../arm-none-eabi/lib/thumb/v7e-m/fpv4-sp/hard/libc_nano.a(lib_a-nano-svfscanf.o)
                0x0000000008007ca0                _sungetc_r
 .text.__ssrefill_r
                0x0000000008007d1a       0x3a /home/przemek/Ac6/SystemWorkbench/plugins/fr.ac6.mcu.externaltools.arm-none.linux64_1.17.0.201812190825/tools/compiler/bin/../lib/gcc/arm-none-eabi/7.3.1/../../../../arm-none-eabi/lib/thumb/v7e-m/fpv4-sp/hard/libc_nano.a(lib_a-nano-svfscanf.o)
                0x0000000008007d1a                __ssrefill_r
 .text.__ssvfscanf_r
                0x0000000008007d54      0x2a0 /home/przemek/Ac6/SystemWorkbench/plugins/fr.ac6.mcu.externaltools.arm-none.linux64_1.17.0.201812190825/tools/compiler/bin/../lib/gcc/arm-none-eabi/7.3.1/../../../../arm-none-eabi/lib/thumb/v7e-m/fpv4-sp/hard/libc_nano.a(lib_a-nano-svfscanf.o)
                0x0000000008007d54                __ssvfscanf_r
                0x0000000008007d54                __ssvfiscanf_r
 .text._scanf_chars
                0x0000000008007ff4       0xc6 /home/przemek/Ac6/SystemWorkbench/plugins/fr.ac6.mcu.externaltools.arm-none.linux64_1.17.0.201812190825/tools/compiler/bin/../lib/gcc/arm-none-eabi/7.3.1/../../../../arm-none-eabi/lib/thumb/v7e-m/fpv4-sp/hard/libc_nano.a(lib_a-nano-vfscanf_i.o)
                0x0000000008007ff4                _scanf_chars
 *fill*         0x00000000080080ba        0x2 
 .text._scanf_i
                0x00000000080080bc      0x1e8 /home/przemek/Ac6/SystemWorkbench/plugins/fr.ac6.mcu.externaltools.arm-none.linux64_1.17.0.201812190825/tools/compiler/bin/../lib/gcc/arm-none-eabi/7.3.1/../../../../arm-none-eabi/lib/thumb/v7e-m/fpv4-sp/hard/libc_nano.a(lib_a-nano-vfscanf_i.o)
                0x00000000080080bc                _scanf_i
 .text._sbrk_r  0x00000000080082a4       0x20 /home/przemek/Ac6/SystemWorkbench/plugins/fr.ac6.mcu.externaltools.arm-none.linux64_1.17.0.201812190825/tools/compiler/bin/../lib/gcc/arm-none-eabi/7.3.1/../../../../arm-none-eabi/lib/thumb/v7e-m/fpv4-sp/hard/libc_nano.a(lib_a-sbrkr.o)
                0x00000000080082a4                _sbrk_r
 .text.__sccl   0x00000000080082c4       0x64 /home/przemek/Ac6/SystemWorkbench/plugins/fr.ac6.mcu.externaltools.arm-none.linux64_1.17.0.201812190825/tools/compiler/bin/../lib/gcc/arm-none-eabi/7.3.1/../../../../arm-none-eabi/lib/thumb/v7e-m/fpv4-sp/hard/libc_nano.a(lib_a-sccl.o)
                0x00000000080082c4                __sccl
 .text._strtol_l.isra.0
                0x0000000008008328       0xf6 /home/przemek/Ac6/SystemWorkbench/plugins/fr.ac6.mcu.externaltools.arm-none.linux64_1.17.0.201812190825/tools/compiler/bin/../lib/gcc/arm-none-eabi/7.3.1/../../../../arm-none-eabi/lib/thumb/v7e-m/fpv4-sp/hard/libc_nano.a(lib_a-strtol.o)
 *fill*         0x000000000800841e        0x2 
 .text._strtol_r
                0x0000000008008420       0x24 /home/przemek/Ac6/SystemWorkbench/plugins/fr.ac6.mcu.externaltools.arm-none.linux64_1.17.0.201812190825/tools/compiler/bin/../lib/gcc/arm-none-eabi/7.3.1/../../../../arm-none-eabi/lib/thumb/v7e-m/fpv4-sp/hard/libc_nano.a(lib_a-strtol.o)
                0x0000000008008420                _strtol_r
 .text._strtoul_l.isra.0
                0x0000000008008444       0xf4 /home/przemek/Ac6/SystemWorkbench/plugins/fr.ac6.mcu.externaltools.arm-none.linux64_1.17.0.201812190825/tools/compiler/bin/../lib/gcc/arm-none-eabi/7.3.1/../../../../arm-none-eabi/lib/thumb/v7e-m/fpv4-sp/hard/libc_nano.a(lib_a-strtoul.o)
 .text._strtoul_r
                0x0000000008008538       0x24 /home/przemek/Ac6/SystemWorkbench/plugins/fr.ac6.mcu.externaltools.arm-none.linux64_1.17.0.201812190825/tools/compiler/bin/../lib/gcc/arm-none-eabi/7.3.1/../../../../arm-none-eabi/lib/thumb/v7e-m/fpv4-sp/hard/libc_nano.a(lib_a-strtoul.o)
                0x0000000008008538                _strtoul_r
 .text.__submore
                0x000000000800855c       0x74 /home/przemek/Ac6/SystemWorkbench/plugins/fr.ac6.mcu.externaltools.arm-none.linux64_1.17.0.201812190825/tools/compiler/bin/../lib/gcc/arm-none-eabi/7.3.1/../../../../arm-none-eabi/lib/thumb/v7e-m/fpv4-sp/hard/libc_nano.a(lib_a-ungetc.o)
                0x000000000800855c                __submore
 .text.__locale_ctype_ptr_l
                0x00000000080085d0        0x6 /home/przemek/Ac6/SystemWorkbench/plugins/fr.ac6.mcu.externaltools.arm-none.linux64_1.17.0.201812190825/tools/compiler/bin/../lib/gcc/arm-none-eabi/7.3.1/../../../../arm-none-eabi/lib/thumb/v7e-m/fpv4-sp/hard/libc_nano.a(lib_a-locale.o)
                0x00000000080085d0                __locale_ctype_ptr_l
 *fill*         0x00000000080085d6        0x2 
 .text.__locale_ctype_ptr
                0x00000000080085d8       0x1c /home/przemek/Ac6/SystemWorkbench/plugins/fr.ac6.mcu.externaltools.arm-none.linux64_1.17.0.201812190825/tools/compiler/bin/../lib/gcc/arm-none-eabi/7.3.1/../../../../arm-none-eabi/lib/thumb/v7e-m/fpv4-sp/hard/libc_nano.a(lib_a-locale.o)
                0x00000000080085d8                __locale_ctype_ptr
 .text.__ascii_mbtowc
                0x00000000080085f4       0x24 /home/przemek/Ac6/SystemWorkbench/plugins/fr.ac6.mcu.externaltools.arm-none.linux64_1.17.0.201812190825/tools/compiler/bin/../lib/gcc/arm-none-eabi/7.3.1/../../../../arm-none-eabi/lib/thumb/v7e-m/fpv4-sp/hard/libc_nano.a(lib_a-mbtowc_r.o)
                0x00000000080085f4                __ascii_mbtowc
 .text.memmove  0x0000000008008618       0x32 /home/przemek/Ac6/SystemWorkbench/plugins/fr.ac6.mcu.externaltools.arm-none.linux64_1.17.0.201812190825/tools/compiler/bin/../lib/gcc/arm-none-eabi/7.3.1/../../../../arm-none-eabi/lib/thumb/v7e-m/fpv4-sp/hard/libc_nano.a(lib_a-memmove.o)
                0x0000000008008618                memmove
 .text.__malloc_lock
                0x000000000800864a        0x2 /home/przemek/Ac6/SystemWorkbench/plugins/fr.ac6.mcu.externaltools.arm-none.linux64_1.17.0.201812190825/tools/compiler/bin/../lib/gcc/arm-none-eabi/7.3.1/../../../../arm-none-eabi/lib/thumb/v7e-m/fpv4-sp/hard/libc_nano.a(lib_a-mlock.o)
                0x000000000800864a                __malloc_lock
 .text.__malloc_unlock
                0x000000000800864c        0x2 /home/przemek/Ac6/SystemWorkbench/plugins/fr.ac6.mcu.externaltools.arm-none.linux64_1.17.0.201812190825/tools/compiler/bin/../lib/gcc/arm-none-eabi/7.3.1/../../../../arm-none-eabi/lib/thumb/v7e-m/fpv4-sp/hard/libc_nano.a(lib_a-mlock.o)
                0x000000000800864c                __malloc_unlock
 .text._realloc_r
                0x000000000800864e       0x4c /home/przemek/Ac6/SystemWorkbench/plugins/fr.ac6.mcu.externaltools.arm-none.linux64_1.17.0.201812190825/tools/compiler/bin/../lib/gcc/arm-none-eabi/7.3.1/../../../../arm-none-eabi/lib/thumb/v7e-m/fpv4-sp/hard/libc_nano.a(lib_a-nano-reallocr.o)
                0x000000000800864e                _realloc_r
 .text.__ascii_wctomb
                0x000000000800869a       0x1a /home/przemek/Ac6/SystemWorkbench/plugins/fr.ac6.mcu.externaltools.arm-none.linux64_1.17.0.201812190825/tools/compiler/bin/../lib/gcc/arm-none-eabi/7.3.1/../../../../arm-none-eabi/lib/thumb/v7e-m/fpv4-sp/hard/libc_nano.a(lib_a-wctomb_r.o)
                0x000000000800869a                __ascii_wctomb
 .text._malloc_usable_size_r
                0x00000000080086b4       0x10 /home/przemek/Ac6/SystemWorkbench/plugins/fr.ac6.mcu.externaltools.arm-none.linux64_1.17.0.201812190825/tools/compiler/bin/../lib/gcc/arm-none-eabi/7.3.1/../../../../arm-none-eabi/lib/thumb/v7e-m/fpv4-sp/hard/libc_nano.a(lib_a-nano-msizer.o)
                0x00000000080086b4                _malloc_usable_size_r
 *(.glue_7)
 .glue_7        0x00000000080086c4        0x0 linker stubs
 *(.glue_7t)
 .glue_7t       0x00000000080086c4        0x0 linker stubs
 *(.eh_frame)
 .eh_frame      0x00000000080086c4        0x0 /home/przemek/Ac6/SystemWorkbench/plugins/fr.ac6.mcu.externaltools.arm-none.linux64_1.17.0.201812190825/tools/compiler/bin/../lib/gcc/arm-none-eabi/7.3.1/thumb/v7e-m/fpv4-sp/hard/crtbegin.o
 *(.init)
 .init          0x00000000080086c4        0x4 /home/przemek/Ac6/SystemWorkbench/plugins/fr.ac6.mcu.externaltools.arm-none.linux64_1.17.0.201812190825/tools/compiler/bin/../lib/gcc/arm-none-eabi/7.3.1/thumb/v7e-m/fpv4-sp/hard/crti.o
                0x00000000080086c4                _init
 .init          0x00000000080086c8        0x8 /home/przemek/Ac6/SystemWorkbench/plugins/fr.ac6.mcu.externaltools.arm-none.linux64_1.17.0.201812190825/tools/compiler/bin/../lib/gcc/arm-none-eabi/7.3.1/thumb/v7e-m/fpv4-sp/hard/crtn.o
 *(.fini)
 .fini          0x00000000080086d0        0x4 /home/przemek/Ac6/SystemWorkbench/plugins/fr.ac6.mcu.externaltools.arm-none.linux64_1.17.0.201812190825/tools/compiler/bin/../lib/gcc/arm-none-eabi/7.3.1/thumb/v7e-m/fpv4-sp/hard/crti.o
                0x00000000080086d0                _fini
 .fini          0x00000000080086d4        0x8 /home/przemek/Ac6/SystemWorkbench/plugins/fr.ac6.mcu.externaltools.arm-none.linux64_1.17.0.201812190825/tools/compiler/bin/../lib/gcc/arm-none-eabi/7.3.1/thumb/v7e-m/fpv4-sp/hard/crtn.o
                0x00000000080086dc                . = ALIGN (0x4)
                0x00000000080086dc                _etext = .

.vfp11_veneer   0x00000000080086dc        0x0
 .vfp11_veneer  0x00000000080086dc        0x0 linker stubs

.v4_bx          0x00000000080086dc        0x0
 .v4_bx         0x00000000080086dc        0x0 linker stubs

.iplt           0x00000000080086dc        0x0
 .iplt          0x00000000080086dc        0x0 /home/przemek/Ac6/SystemWorkbench/plugins/fr.ac6.mcu.externaltools.arm-none.linux64_1.17.0.201812190825/tools/compiler/bin/../lib/gcc/arm-none-eabi/7.3.1/thumb/v7e-m/fpv4-sp/hard/crtbegin.o

.rodata         0x00000000080086e0      0x3e4
                0x00000000080086e0                . = ALIGN (0x4)
 *(.rodata)
 .rodata        0x00000000080086e0       0x18 Drivers/CMSIS/system_stm32f3xx.o
                0x00000000080086e0                AHBPrescTable
                0x00000000080086f0                APBPrescTable
 .rodata        0x00000000080086f8       0x20 Drivers/STM32F3xx_HAL_Driver/stm32f3xx_hal_rcc.o
                0x00000000080086f8                aPLLMULFactorTable
                0x0000000008008708                aPredivFactorTable
 .rodata        0x0000000008008718        0xc /home/przemek/Ac6/SystemWorkbench/plugins/fr.ac6.mcu.externaltools.arm-none.linux64_1.17.0.201812190825/tools/compiler/bin/../lib/gcc/arm-none-eabi/7.3.1/../../../../arm-none-eabi/lib/thumb/v7e-m/fpv4-sp/hard/libc_nano.a(lib_a-nano-vfscanf_i.o)
 *(.rodata*)
 .rodata.str1.4
                0x0000000008008724       0xc8 Application/User/stm32f3xx_it.o
                                         0xc5 (size before relaxing)
 .rodata._printf_float.str1.1
                0x00000000080087ec       0x10 /home/przemek/Ac6/SystemWorkbench/plugins/fr.ac6.mcu.externaltools.arm-none.linux64_1.17.0.201812190825/tools/compiler/bin/../lib/gcc/arm-none-eabi/7.3.1/../../../../arm-none-eabi/lib/thumb/v7e-m/fpv4-sp/hard/libc_nano.a(lib_a-nano-vfprintf_float.o)
                                         0x12 (size before relaxing)
 .rodata._printf_i.str1.1
                0x00000000080087fc       0x22 /home/przemek/Ac6/SystemWorkbench/plugins/fr.ac6.mcu.externaltools.arm-none.linux64_1.17.0.201812190825/tools/compiler/bin/../lib/gcc/arm-none-eabi/7.3.1/../../../../arm-none-eabi/lib/thumb/v7e-m/fpv4-sp/hard/libc_nano.a(lib_a-nano-vfprintf_i.o)
 .rodata._dtoa_r.str1.1
                0x000000000800881e        0xd /home/przemek/Ac6/SystemWorkbench/plugins/fr.ac6.mcu.externaltools.arm-none.linux64_1.17.0.201812190825/tools/compiler/bin/../lib/gcc/arm-none-eabi/7.3.1/../../../../arm-none-eabi/lib/thumb/v7e-m/fpv4-sp/hard/libc_nano.a(lib_a-dtoa.o)
                                          0xf (size before relaxing)
 *fill*         0x000000000800882b        0x5 
 .rodata.__mprec_bigtens
                0x0000000008008830       0x28 /home/przemek/Ac6/SystemWorkbench/plugins/fr.ac6.mcu.externaltools.arm-none.linux64_1.17.0.201812190825/tools/compiler/bin/../lib/gcc/arm-none-eabi/7.3.1/../../../../arm-none-eabi/lib/thumb/v7e-m/fpv4-sp/hard/libc_nano.a(lib_a-mprec.o)
                0x0000000008008830                __mprec_bigtens
 .rodata.__mprec_tens
                0x0000000008008858       0xc8 /home/przemek/Ac6/SystemWorkbench/plugins/fr.ac6.mcu.externaltools.arm-none.linux64_1.17.0.201812190825/tools/compiler/bin/../lib/gcc/arm-none-eabi/7.3.1/../../../../arm-none-eabi/lib/thumb/v7e-m/fpv4-sp/hard/libc_nano.a(lib_a-mprec.o)
                0x0000000008008858                __mprec_tens
 .rodata.p05.7359
                0x0000000008008920        0xc /home/przemek/Ac6/SystemWorkbench/plugins/fr.ac6.mcu.externaltools.arm-none.linux64_1.17.0.201812190825/tools/compiler/bin/../lib/gcc/arm-none-eabi/7.3.1/../../../../arm-none-eabi/lib/thumb/v7e-m/fpv4-sp/hard/libc_nano.a(lib_a-mprec.o)
 .rodata._svfprintf_r.str1.1
                0x000000000800892c       0x11 /home/przemek/Ac6/SystemWorkbench/plugins/fr.ac6.mcu.externaltools.arm-none.linux64_1.17.0.201812190825/tools/compiler/bin/../lib/gcc/arm-none-eabi/7.3.1/../../../../arm-none-eabi/lib/thumb/v7e-m/fpv4-sp/hard/libc_nano.a(lib_a-nano-svfprintf.o)
 .rodata.__ssvfscanf_r.str1.1
                0x000000000800893d        0x4 /home/przemek/Ac6/SystemWorkbench/plugins/fr.ac6.mcu.externaltools.arm-none.linux64_1.17.0.201812190825/tools/compiler/bin/../lib/gcc/arm-none-eabi/7.3.1/../../../../arm-none-eabi/lib/thumb/v7e-m/fpv4-sp/hard/libc_nano.a(lib_a-nano-svfscanf.o)
 .rodata._scanf_i.str1.1
                0x000000000800893d       0x12 /home/przemek/Ac6/SystemWorkbench/plugins/fr.ac6.mcu.externaltools.arm-none.linux64_1.17.0.201812190825/tools/compiler/bin/../lib/gcc/arm-none-eabi/7.3.1/../../../../arm-none-eabi/lib/thumb/v7e-m/fpv4-sp/hard/libc_nano.a(lib_a-nano-vfscanf_i.o)
 .rodata.str1.1
                0x000000000800894f        0x9 /home/przemek/Ac6/SystemWorkbench/plugins/fr.ac6.mcu.externaltools.arm-none.linux64_1.17.0.201812190825/tools/compiler/bin/../lib/gcc/arm-none-eabi/7.3.1/../../../../arm-none-eabi/lib/thumb/v7e-m/fpv4-sp/hard/libc_nano.a(lib_a-nano-vfscanf_i.o)
 .rodata.__sf_fake_stderr
                0x0000000008008958       0x20 /home/przemek/Ac6/SystemWorkbench/plugins/fr.ac6.mcu.externaltools.arm-none.linux64_1.17.0.201812190825/tools/compiler/bin/../lib/gcc/arm-none-eabi/7.3.1/../../../../arm-none-eabi/lib/thumb/v7e-m/fpv4-sp/hard/libc_nano.a(lib_a-findfp.o)
                0x0000000008008958                __sf_fake_stderr
 .rodata.__sf_fake_stdin
                0x0000000008008978       0x20 /home/przemek/Ac6/SystemWorkbench/plugins/fr.ac6.mcu.externaltools.arm-none.linux64_1.17.0.201812190825/tools/compiler/bin/../lib/gcc/arm-none-eabi/7.3.1/../../../../arm-none-eabi/lib/thumb/v7e-m/fpv4-sp/hard/libc_nano.a(lib_a-findfp.o)
                0x0000000008008978                __sf_fake_stdin
 .rodata.__sf_fake_stdout
                0x0000000008008998       0x20 /home/przemek/Ac6/SystemWorkbench/plugins/fr.ac6.mcu.externaltools.arm-none.linux64_1.17.0.201812190825/tools/compiler/bin/../lib/gcc/arm-none-eabi/7.3.1/../../../../arm-none-eabi/lib/thumb/v7e-m/fpv4-sp/hard/libc_nano.a(lib_a-findfp.o)
                0x0000000008008998                __sf_fake_stdout
 .rodata._setlocale_r.str1.1
                0x00000000080089b8        0x8 /home/przemek/Ac6/SystemWorkbench/plugins/fr.ac6.mcu.externaltools.arm-none.linux64_1.17.0.201812190825/tools/compiler/bin/../lib/gcc/arm-none-eabi/7.3.1/../../../../arm-none-eabi/lib/thumb/v7e-m/fpv4-sp/hard/libc_nano.a(lib_a-locale.o)
                                          0x9 (size before relaxing)
 .rodata.str1.1
                0x00000000080089c0        0x2 /home/przemek/Ac6/SystemWorkbench/plugins/fr.ac6.mcu.externaltools.arm-none.linux64_1.17.0.201812190825/tools/compiler/bin/../lib/gcc/arm-none-eabi/7.3.1/../../../../arm-none-eabi/lib/thumb/v7e-m/fpv4-sp/hard/libc_nano.a(lib_a-locale.o)
 .rodata._ctype_
                0x00000000080089c2      0x101 /home/przemek/Ac6/SystemWorkbench/plugins/fr.ac6.mcu.externaltools.arm-none.linux64_1.17.0.201812190825/tools/compiler/bin/../lib/gcc/arm-none-eabi/7.3.1/../../../../arm-none-eabi/lib/thumb/v7e-m/fpv4-sp/hard/libc_nano.a(lib_a-ctype_.o)
                0x00000000080089c2                _ctype_
                0x0000000008008ac4                . = ALIGN (0x4)
 *fill*         0x0000000008008ac3        0x1 

.rel.dyn        0x0000000008008ac4        0x0
 .rel.iplt      0x0000000008008ac4        0x0 /home/przemek/Ac6/SystemWorkbench/plugins/fr.ac6.mcu.externaltools.arm-none.linux64_1.17.0.201812190825/tools/compiler/bin/../lib/gcc/arm-none-eabi/7.3.1/thumb/v7e-m/fpv4-sp/hard/crtbegin.o

.ARM.extab
 *(.ARM.extab* .gnu.linkonce.armextab.*)

.ARM            0x0000000008008ac4        0x0
                0x0000000008008ac4                __exidx_start = .
 *(.ARM.exidx*)
                0x0000000008008ac4                __exidx_end = .

.preinit_array  0x0000000008008ac4        0x0
                0x0000000008008ac4                PROVIDE (__preinit_array_start = .)
 *(.preinit_array*)
                0x0000000008008ac4                PROVIDE (__preinit_array_end = .)

.init_array     0x0000000008008ac4        0x4
                0x0000000008008ac4                PROVIDE (__init_array_start = .)
 *(SORT_BY_NAME(.init_array.*))
 *(.init_array*)
 .init_array    0x0000000008008ac4        0x4 /home/przemek/Ac6/SystemWorkbench/plugins/fr.ac6.mcu.externaltools.arm-none.linux64_1.17.0.201812190825/tools/compiler/bin/../lib/gcc/arm-none-eabi/7.3.1/thumb/v7e-m/fpv4-sp/hard/crtbegin.o
                0x0000000008008ac8                PROVIDE (__init_array_end = .)

.fini_array     0x0000000008008ac8        0x4
                [!provide]                        PROVIDE (__fini_array_start = .)
 *(SORT_BY_NAME(.fini_array.*))
 *(.fini_array*)
 .fini_array    0x0000000008008ac8        0x4 /home/przemek/Ac6/SystemWorkbench/plugins/fr.ac6.mcu.externaltools.arm-none.linux64_1.17.0.201812190825/tools/compiler/bin/../lib/gcc/arm-none-eabi/7.3.1/thumb/v7e-m/fpv4-sp/hard/crtbegin.o
                [!provide]                        PROVIDE (__fini_array_end = .)
                0x0000000008008acc                _sidata = LOADADDR (.data)

.data           0x0000000020000000      0x1e0 load address 0x0000000008008acc
                0x0000000020000000                . = ALIGN (0x4)
                0x0000000020000000                _sdata = .
 *(.data)
 .data          0x0000000020000000        0x1 Application/User/stm32f3xx_it.o
                0x0000000020000000                measurement
 *fill*         0x0000000020000001        0x3 
 .data          0x0000000020000004        0x4 Drivers/CMSIS/system_stm32f3xx.o
                0x0000000020000004                SystemCoreClock
 .data          0x0000000020000008        0x8 Drivers/STM32F3xx_HAL_Driver/stm32f3xx_hal.o
                0x0000000020000008                uwTickFreq
                0x000000002000000c                uwTickPrio
 *(.data*)
 .data._impure_ptr
                0x0000000020000010        0x4 /home/przemek/Ac6/SystemWorkbench/plugins/fr.ac6.mcu.externaltools.arm-none.linux64_1.17.0.201812190825/tools/compiler/bin/../lib/gcc/arm-none-eabi/7.3.1/../../../../arm-none-eabi/lib/thumb/v7e-m/fpv4-sp/hard/libc_nano.a(lib_a-impure.o)
                0x0000000020000010                _impure_ptr
 .data.impure_data
                0x0000000020000014       0x60 /home/przemek/Ac6/SystemWorkbench/plugins/fr.ac6.mcu.externaltools.arm-none.linux64_1.17.0.201812190825/tools/compiler/bin/../lib/gcc/arm-none-eabi/7.3.1/../../../../arm-none-eabi/lib/thumb/v7e-m/fpv4-sp/hard/libc_nano.a(lib_a-impure.o)
 .data.__global_locale
                0x0000000020000074      0x16c /home/przemek/Ac6/SystemWorkbench/plugins/fr.ac6.mcu.externaltools.arm-none.linux64_1.17.0.201812190825/tools/compiler/bin/../lib/gcc/arm-none-eabi/7.3.1/../../../../arm-none-eabi/lib/thumb/v7e-m/fpv4-sp/hard/libc_nano.a(lib_a-locale.o)
                0x0000000020000074                __global_locale
                0x00000000200001e0                . = ALIGN (0x4)
                0x00000000200001e0                _edata = .
                0x0000000008008cac                _siccmram = LOADADDR (.ccmram)

.igot.plt       0x00000000200001e0        0x0 load address 0x0000000008008cac
 .igot.plt      0x00000000200001e0        0x0 /home/przemek/Ac6/SystemWorkbench/plugins/fr.ac6.mcu.externaltools.arm-none.linux64_1.17.0.201812190825/tools/compiler/bin/../lib/gcc/arm-none-eabi/7.3.1/thumb/v7e-m/fpv4-sp/hard/crtbegin.o

.ccmram         0x0000000010000000        0x0 load address 0x0000000008008cac
                0x0000000010000000                . = ALIGN (0x4)
                0x0000000010000000                _sccmram = .
 *(.ccmram)
 *(.ccmram*)
                0x0000000010000000                . = ALIGN (0x4)
                0x0000000010000000                _eccmram = .
                0x0000000010000000                . = ALIGN (0x4)

.bss            0x00000000200001e0      0x2e4
                0x00000000200001e0                _sbss = .
                0x00000000200001e0                __bss_start__ = _sbss
 *(.bss)
 .bss           0x00000000200001e0       0x1c /home/przemek/Ac6/SystemWorkbench/plugins/fr.ac6.mcu.externaltools.arm-none.linux64_1.17.0.201812190825/tools/compiler/bin/../lib/gcc/arm-none-eabi/7.3.1/thumb/v7e-m/fpv4-sp/hard/crtbegin.o
 .bss           0x00000000200001fc        0x8 Application/SW4STM32/syscalls.o
                0x0000000020000200                __env
 .bss           0x0000000020000204        0x4 Application/User/stm32f3xx_hal_msp.o
 .bss           0x0000000020000208        0x1 Application/User/stm32f3xx_it.o
 *(.bss*)
 *fill*         0x0000000020000209        0x3 
 .bss.__malloc_free_list
                0x000000002000020c        0x4 /home/przemek/Ac6/SystemWorkbench/plugins/fr.ac6.mcu.externaltools.arm-none.linux64_1.17.0.201812190825/tools/compiler/bin/../lib/gcc/arm-none-eabi/7.3.1/../../../../arm-none-eabi/lib/thumb/v7e-m/fpv4-sp/hard/libc_nano.a(lib_a-nano-mallocr.o)
                0x000000002000020c                __malloc_free_list
 .bss.__malloc_sbrk_start
                0x0000000020000210        0x4 /home/przemek/Ac6/SystemWorkbench/plugins/fr.ac6.mcu.externaltools.arm-none.linux64_1.17.0.201812190825/tools/compiler/bin/../lib/gcc/arm-none-eabi/7.3.1/../../../../arm-none-eabi/lib/thumb/v7e-m/fpv4-sp/hard/libc_nano.a(lib_a-nano-mallocr.o)
                0x0000000020000210                __malloc_sbrk_start
 *(COMMON)
 COMMON         0x0000000020000214      0x290 Application/User/main.o
                0x0000000020000214                adc_val
                0x0000000020000218                hopamp2
                0x000000002000024c                hadc2
                0x00000000200002a0                ina219_currentDivider_mA
                0x00000000200002a4                hi2c1
                0x00000000200002f0                uart1
                0x0000000020000310                ina219_powerMultiplier_mW
                0x0000000020000314                hadc1
                0x0000000020000368                buffer
                0x0000000020000388                hdma_adc1
                0x00000000200003cc                uart_ptr
                0x00000000200003d0                data
                0x00000000200003d4                htim1
                0x0000000020000414                uart2
                0x0000000020000434                huart2
 COMMON         0x00000000200004a4       0x15 Application/User/stm32f3xx_it.o
                0x00000000200004a4                _freq
                0x00000000200004a8                _cnt
                0x00000000200004ac                tx_flag
                0x00000000200004ae                cnt_tim
                0x00000000200004b0                adc_buffer
                0x00000000200004b8                cmd
 *fill*         0x00000000200004b9        0x3 
 COMMON         0x00000000200004bc        0x4 Drivers/STM32F3xx_HAL_Driver/stm32f3xx_hal.o
                0x00000000200004bc                uwTick
 COMMON         0x00000000200004c0        0x4 /home/przemek/Ac6/SystemWorkbench/plugins/fr.ac6.mcu.externaltools.arm-none.linux64_1.17.0.201812190825/tools/compiler/bin/../lib/gcc/arm-none-eabi/7.3.1/../../../../arm-none-eabi/lib/thumb/v7e-m/fpv4-sp/hard/libc_nano.a(lib_a-reent.o)
                0x00000000200004c0                errno
                0x00000000200004c4                . = ALIGN (0x4)
                0x00000000200004c4                _ebss = .
                0x00000000200004c4                __bss_end__ = _ebss

._user_heap_stack
                0x00000000200004c4      0x604
                0x00000000200004c8                . = ALIGN (0x8)
 *fill*         0x00000000200004c4        0x4 
                0x00000000200004c8                PROVIDE (end = .)
                [!provide]                        PROVIDE (_end = .)
                0x00000000200006c8                . = (. + _Min_Heap_Size)
 *fill*         0x00000000200004c8      0x200 
                0x0000000020000ac8                . = (. + _Min_Stack_Size)
 *fill*         0x00000000200006c8      0x400 
                0x0000000020000ac8                . = ALIGN (0x8)

/DISCARD/
 libc.a(*)
 libm.a(*)
 libgcc.a(*)

.ARM.attributes
                0x0000000000000000       0x30
 *(.ARM.attributes)
 .ARM.attributes
                0x0000000000000000       0x22 /home/przemek/Ac6/SystemWorkbench/plugins/fr.ac6.mcu.externaltools.arm-none.linux64_1.17.0.201812190825/tools/compiler/bin/../lib/gcc/arm-none-eabi/7.3.1/thumb/v7e-m/fpv4-sp/hard/crti.o
 .ARM.attributes
                0x0000000000000022       0x34 /home/przemek/Ac6/SystemWorkbench/plugins/fr.ac6.mcu.externaltools.arm-none.linux64_1.17.0.201812190825/tools/compiler/bin/../lib/gcc/arm-none-eabi/7.3.1/thumb/v7e-m/fpv4-sp/hard/crtbegin.o
 .ARM.attributes
                0x0000000000000056       0x21 Application/SW4STM32/startup_stm32f334x8.o
 .ARM.attributes
                0x0000000000000077       0x39 Application/SW4STM32/syscalls.o
 .ARM.attributes
                0x00000000000000b0       0x39 Application/User/main.o
 .ARM.attributes
                0x00000000000000e9       0x39 Application/User/stm32f3xx_hal_msp.o
 .ARM.attributes
                0x0000000000000122       0x39 Application/User/stm32f3xx_it.o
 .ARM.attributes
                0x000000000000015b       0x39 Drivers/CMSIS/system_stm32f3xx.o
 .ARM.attributes
                0x0000000000000194       0x39 Drivers/STM32F3xx_HAL_Driver/stm32f3xx_hal.o
 .ARM.attributes
                0x00000000000001cd       0x39 Drivers/STM32F3xx_HAL_Driver/stm32f3xx_hal_adc.o
 .ARM.attributes
                0x0000000000000206       0x39 Drivers/STM32F3xx_HAL_Driver/stm32f3xx_hal_adc_ex.o
 .ARM.attributes
                0x000000000000023f       0x39 Drivers/STM32F3xx_HAL_Driver/stm32f3xx_hal_cortex.o
 .ARM.attributes
                0x0000000000000278       0x39 Drivers/STM32F3xx_HAL_Driver/stm32f3xx_hal_dma.o
 .ARM.attributes
                0x00000000000002b1       0x39 Drivers/STM32F3xx_HAL_Driver/stm32f3xx_hal_gpio.o
 .ARM.attributes
                0x00000000000002ea       0x39 Drivers/STM32F3xx_HAL_Driver/stm32f3xx_hal_i2c.o
 .ARM.attributes
                0x0000000000000323       0x39 Drivers/STM32F3xx_HAL_Driver/stm32f3xx_hal_i2c_ex.o
 .ARM.attributes
                0x000000000000035c       0x39 Drivers/STM32F3xx_HAL_Driver/stm32f3xx_hal_opamp.o
 .ARM.attributes
                0x0000000000000395       0x39 Drivers/STM32F3xx_HAL_Driver/stm32f3xx_hal_rcc.o
 .ARM.attributes
                0x00000000000003ce       0x39 Drivers/STM32F3xx_HAL_Driver/stm32f3xx_hal_rcc_ex.o
 .ARM.attributes
                0x0000000000000407       0x39 Drivers/STM32F3xx_HAL_Driver/stm32f3xx_hal_tim.o
 .ARM.attributes
                0x0000000000000440       0x39 Drivers/STM32F3xx_HAL_Driver/stm32f3xx_hal_tim_ex.o
 .ARM.attributes
                0x0000000000000479       0x39 Drivers/STM32F3xx_HAL_Driver/stm32f3xx_hal_uart.o
 .ARM.attributes
                0x00000000000004b2       0x39 Drivers/STM32F3xx_HAL_Driver/stm32f3xx_hal_uart_ex.o
 .ARM.attributes
                0x00000000000004eb       0x22 /home/przemek/Ac6/SystemWorkbench/plugins/fr.ac6.mcu.externaltools.arm-none.linux64_1.17.0.201812190825/tools/compiler/bin/../lib/gcc/arm-none-eabi/7.3.1/thumb/v7e-m/fpv4-sp/hard/libgcc.a(_arm_addsubdf3.o)
 .ARM.attributes
                0x000000000000050d       0x22 /home/przemek/Ac6/SystemWorkbench/plugins/fr.ac6.mcu.externaltools.arm-none.linux64_1.17.0.201812190825/tools/compiler/bin/../lib/gcc/arm-none-eabi/7.3.1/thumb/v7e-m/fpv4-sp/hard/libgcc.a(_arm_muldivdf3.o)
 .ARM.attributes
                0x000000000000052f       0x22 /home/przemek/Ac6/SystemWorkbench/plugins/fr.ac6.mcu.externaltools.arm-none.linux64_1.17.0.201812190825/tools/compiler/bin/../lib/gcc/arm-none-eabi/7.3.1/thumb/v7e-m/fpv4-sp/hard/libgcc.a(_arm_truncdfsf2.o)
 .ARM.attributes
                0x0000000000000551       0x34 /home/przemek/Ac6/SystemWorkbench/plugins/fr.ac6.mcu.externaltools.arm-none.linux64_1.17.0.201812190825/tools/compiler/bin/../lib/gcc/arm-none-eabi/7.3.1/../../../../arm-none-eabi/lib/thumb/v7e-m/fpv4-sp/hard/libc_nano.a(lib_a-errno.o)
 .ARM.attributes
                0x0000000000000585       0x34 /home/przemek/Ac6/SystemWorkbench/plugins/fr.ac6.mcu.externaltools.arm-none.linux64_1.17.0.201812190825/tools/compiler/bin/../lib/gcc/arm-none-eabi/7.3.1/../../../../arm-none-eabi/lib/thumb/v7e-m/fpv4-sp/hard/libc_nano.a(lib_a-impure.o)
 .ARM.attributes
                0x00000000000005b9       0x34 /home/przemek/Ac6/SystemWorkbench/plugins/fr.ac6.mcu.externaltools.arm-none.linux64_1.17.0.201812190825/tools/compiler/bin/../lib/gcc/arm-none-eabi/7.3.1/../../../../arm-none-eabi/lib/thumb/v7e-m/fpv4-sp/hard/libc_nano.a(lib_a-init.o)
 .ARM.attributes
                0x00000000000005ed       0x34 /home/przemek/Ac6/SystemWorkbench/plugins/fr.ac6.mcu.externaltools.arm-none.linux64_1.17.0.201812190825/tools/compiler/bin/../lib/gcc/arm-none-eabi/7.3.1/../../../../arm-none-eabi/lib/thumb/v7e-m/fpv4-sp/hard/libc_nano.a(lib_a-memcmp.o)
 .ARM.attributes
                0x0000000000000621       0x34 /home/przemek/Ac6/SystemWorkbench/plugins/fr.ac6.mcu.externaltools.arm-none.linux64_1.17.0.201812190825/tools/compiler/bin/../lib/gcc/arm-none-eabi/7.3.1/../../../../arm-none-eabi/lib/thumb/v7e-m/fpv4-sp/hard/libc_nano.a(lib_a-memset.o)
 .ARM.attributes
                0x0000000000000655       0x34 /home/przemek/Ac6/SystemWorkbench/plugins/fr.ac6.mcu.externaltools.arm-none.linux64_1.17.0.201812190825/tools/compiler/bin/../lib/gcc/arm-none-eabi/7.3.1/../../../../arm-none-eabi/lib/thumb/v7e-m/fpv4-sp/hard/libc_nano.a(lib_a-nano-vfprintf_float.o)
 .ARM.attributes
                0x0000000000000689       0x34 /home/przemek/Ac6/SystemWorkbench/plugins/fr.ac6.mcu.externaltools.arm-none.linux64_1.17.0.201812190825/tools/compiler/bin/../lib/gcc/arm-none-eabi/7.3.1/../../../../arm-none-eabi/lib/thumb/v7e-m/fpv4-sp/hard/libc_nano.a(lib_a-nano-vfprintf_i.o)
 .ARM.attributes
                0x00000000000006bd       0x34 /home/przemek/Ac6/SystemWorkbench/plugins/fr.ac6.mcu.externaltools.arm-none.linux64_1.17.0.201812190825/tools/compiler/bin/../lib/gcc/arm-none-eabi/7.3.1/../../../../arm-none-eabi/lib/thumb/v7e-m/fpv4-sp/hard/libc_nano.a(lib_a-sprintf.o)
 .ARM.attributes
                0x00000000000006f1       0x34 /home/przemek/Ac6/SystemWorkbench/plugins/fr.ac6.mcu.externaltools.arm-none.linux64_1.17.0.201812190825/tools/compiler/bin/../lib/gcc/arm-none-eabi/7.3.1/../../../../arm-none-eabi/lib/thumb/v7e-m/fpv4-sp/hard/libc_nano.a(lib_a-sscanf.o)
 .ARM.attributes
                0x0000000000000725       0x34 /home/przemek/Ac6/SystemWorkbench/plugins/fr.ac6.mcu.externaltools.arm-none.linux64_1.17.0.201812190825/tools/compiler/bin/../lib/gcc/arm-none-eabi/7.3.1/../../../../arm-none-eabi/lib/thumb/v7e-m/fpv4-sp/hard/libc_nano.a(lib_a-stdio.o)
 .ARM.attributes
                0x0000000000000759       0x1b /home/przemek/Ac6/SystemWorkbench/plugins/fr.ac6.mcu.externaltools.arm-none.linux64_1.17.0.201812190825/tools/compiler/bin/../lib/gcc/arm-none-eabi/7.3.1/../../../../arm-none-eabi/lib/thumb/v7e-m/fpv4-sp/hard/libc_nano.a(lib_a-strlen.o)
 .ARM.attributes
                0x0000000000000774       0x34 /home/przemek/Ac6/SystemWorkbench/plugins/fr.ac6.mcu.externaltools.arm-none.linux64_1.17.0.201812190825/tools/compiler/bin/../lib/gcc/arm-none-eabi/7.3.1/../../../../arm-none-eabi/lib/thumb/v7e-m/fpv4-sp/hard/libc_nano.a(lib_a-dtoa.o)
 .ARM.attributes
                0x00000000000007a8       0x34 /home/przemek/Ac6/SystemWorkbench/plugins/fr.ac6.mcu.externaltools.arm-none.linux64_1.17.0.201812190825/tools/compiler/bin/../lib/gcc/arm-none-eabi/7.3.1/../../../../arm-none-eabi/lib/thumb/v7e-m/fpv4-sp/hard/libc_nano.a(lib_a-localeconv.o)
 .ARM.attributes
                0x00000000000007dc       0x34 /home/przemek/Ac6/SystemWorkbench/plugins/fr.ac6.mcu.externaltools.arm-none.linux64_1.17.0.201812190825/tools/compiler/bin/../lib/gcc/arm-none-eabi/7.3.1/../../../../arm-none-eabi/lib/thumb/v7e-m/fpv4-sp/hard/libc_nano.a(lib_a-malloc.o)
 .ARM.attributes
                0x0000000000000810       0x20 /home/przemek/Ac6/SystemWorkbench/plugins/fr.ac6.mcu.externaltools.arm-none.linux64_1.17.0.201812190825/tools/compiler/bin/../lib/gcc/arm-none-eabi/7.3.1/../../../../arm-none-eabi/lib/thumb/v7e-m/fpv4-sp/hard/libc_nano.a(lib_a-memchr.o)
 .ARM.attributes
                0x0000000000000830       0x34 /home/przemek/Ac6/SystemWorkbench/plugins/fr.ac6.mcu.externaltools.arm-none.linux64_1.17.0.201812190825/tools/compiler/bin/../lib/gcc/arm-none-eabi/7.3.1/../../../../arm-none-eabi/lib/thumb/v7e-m/fpv4-sp/hard/libc_nano.a(lib_a-memcpy-stub.o)
 .ARM.attributes
                0x0000000000000864       0x34 /home/przemek/Ac6/SystemWorkbench/plugins/fr.ac6.mcu.externaltools.arm-none.linux64_1.17.0.201812190825/tools/compiler/bin/../lib/gcc/arm-none-eabi/7.3.1/../../../../arm-none-eabi/lib/thumb/v7e-m/fpv4-sp/hard/libc_nano.a(lib_a-mprec.o)
 .ARM.attributes
                0x0000000000000898       0x34 /home/przemek/Ac6/SystemWorkbench/plugins/fr.ac6.mcu.externaltools.arm-none.linux64_1.17.0.201812190825/tools/compiler/bin/../lib/gcc/arm-none-eabi/7.3.1/../../../../arm-none-eabi/lib/thumb/v7e-m/fpv4-sp/hard/libc_nano.a(lib_a-nano-callocr.o)
 .ARM.attributes
                0x00000000000008cc       0x34 /home/przemek/Ac6/SystemWorkbench/plugins/fr.ac6.mcu.externaltools.arm-none.linux64_1.17.0.201812190825/tools/compiler/bin/../lib/gcc/arm-none-eabi/7.3.1/../../../../arm-none-eabi/lib/thumb/v7e-m/fpv4-sp/hard/libc_nano.a(lib_a-nano-freer.o)
 .ARM.attributes
                0x0000000000000900       0x34 /home/przemek/Ac6/SystemWorkbench/plugins/fr.ac6.mcu.externaltools.arm-none.linux64_1.17.0.201812190825/tools/compiler/bin/../lib/gcc/arm-none-eabi/7.3.1/../../../../arm-none-eabi/lib/thumb/v7e-m/fpv4-sp/hard/libc_nano.a(lib_a-nano-mallocr.o)
 .ARM.attributes
                0x0000000000000934       0x34 /home/przemek/Ac6/SystemWorkbench/plugins/fr.ac6.mcu.externaltools.arm-none.linux64_1.17.0.201812190825/tools/compiler/bin/../lib/gcc/arm-none-eabi/7.3.1/../../../../arm-none-eabi/lib/thumb/v7e-m/fpv4-sp/hard/libc_nano.a(lib_a-nano-svfprintf.o)
 .ARM.attributes
                0x0000000000000968       0x34 /home/przemek/Ac6/SystemWorkbench/plugins/fr.ac6.mcu.externaltools.arm-none.linux64_1.17.0.201812190825/tools/compiler/bin/../lib/gcc/arm-none-eabi/7.3.1/../../../../arm-none-eabi/lib/thumb/v7e-m/fpv4-sp/hard/libc_nano.a(lib_a-nano-svfscanf.o)
 .ARM.attributes
                0x000000000000099c       0x34 /home/przemek/Ac6/SystemWorkbench/plugins/fr.ac6.mcu.externaltools.arm-none.linux64_1.17.0.201812190825/tools/compiler/bin/../lib/gcc/arm-none-eabi/7.3.1/../../../../arm-none-eabi/lib/thumb/v7e-m/fpv4-sp/hard/libc_nano.a(lib_a-nano-vfscanf_i.o)
 .ARM.attributes
                0x00000000000009d0       0x34 /home/przemek/Ac6/SystemWorkbench/plugins/fr.ac6.mcu.externaltools.arm-none.linux64_1.17.0.201812190825/tools/compiler/bin/../lib/gcc/arm-none-eabi/7.3.1/../../../../arm-none-eabi/lib/thumb/v7e-m/fpv4-sp/hard/libc_nano.a(lib_a-reent.o)
 .ARM.attributes
                0x0000000000000a04       0x34 /home/przemek/Ac6/SystemWorkbench/plugins/fr.ac6.mcu.externaltools.arm-none.linux64_1.17.0.201812190825/tools/compiler/bin/../lib/gcc/arm-none-eabi/7.3.1/../../../../arm-none-eabi/lib/thumb/v7e-m/fpv4-sp/hard/libc_nano.a(lib_a-sbrkr.o)
 .ARM.attributes
                0x0000000000000a38       0x34 /home/przemek/Ac6/SystemWorkbench/plugins/fr.ac6.mcu.externaltools.arm-none.linux64_1.17.0.201812190825/tools/compiler/bin/../lib/gcc/arm-none-eabi/7.3.1/../../../../arm-none-eabi/lib/thumb/v7e-m/fpv4-sp/hard/libc_nano.a(lib_a-sccl.o)
 .ARM.attributes
                0x0000000000000a6c       0x34 /home/przemek/Ac6/SystemWorkbench/plugins/fr.ac6.mcu.externaltools.arm-none.linux64_1.17.0.201812190825/tools/compiler/bin/../lib/gcc/arm-none-eabi/7.3.1/../../../../arm-none-eabi/lib/thumb/v7e-m/fpv4-sp/hard/libc_nano.a(lib_a-strtol.o)
 .ARM.attributes
                0x0000000000000aa0       0x34 /home/przemek/Ac6/SystemWorkbench/plugins/fr.ac6.mcu.externaltools.arm-none.linux64_1.17.0.201812190825/tools/compiler/bin/../lib/gcc/arm-none-eabi/7.3.1/../../../../arm-none-eabi/lib/thumb/v7e-m/fpv4-sp/hard/libc_nano.a(lib_a-strtoul.o)
 .ARM.attributes
                0x0000000000000ad4       0x34 /home/przemek/Ac6/SystemWorkbench/plugins/fr.ac6.mcu.externaltools.arm-none.linux64_1.17.0.201812190825/tools/compiler/bin/../lib/gcc/arm-none-eabi/7.3.1/../../../../arm-none-eabi/lib/thumb/v7e-m/fpv4-sp/hard/libc_nano.a(lib_a-ungetc.o)
 .ARM.attributes